Archive member included to satisfy reference by file (symbol)

f:/ac6/systemworkbench/plugins/fr.ac6.mcu.externaltools.arm-none.win32_1.15.0.201708311556/tools/compiler/bin/../lib/gcc/arm-none-eabi/6.3.1/../../../../arm-none-eabi/lib/thumb/v7e-m\libg.a(lib_a-malloc.o)
                              ..\obj\List.o (malloc)
f:/ac6/systemworkbench/plugins/fr.ac6.mcu.externaltools.arm-none.win32_1.15.0.201708311556/tools/compiler/bin/../lib/gcc/arm-none-eabi/6.3.1/../../../../arm-none-eabi/lib/thumb/v7e-m\libg.a(lib_a-mallocr.o)
                              f:/ac6/systemworkbench/plugins/fr.ac6.mcu.externaltools.arm-none.win32_1.15.0.201708311556/tools/compiler/bin/../lib/gcc/arm-none-eabi/6.3.1/../../../../arm-none-eabi/lib/thumb/v7e-m\libg.a(lib_a-malloc.o) (_malloc_r)
f:/ac6/systemworkbench/plugins/fr.ac6.mcu.externaltools.arm-none.win32_1.15.0.201708311556/tools/compiler/bin/../lib/gcc/arm-none-eabi/6.3.1/../../../../arm-none-eabi/lib/thumb/v7e-m\libg.a(lib_a-mlock.o)
                              f:/ac6/systemworkbench/plugins/fr.ac6.mcu.externaltools.arm-none.win32_1.15.0.201708311556/tools/compiler/bin/../lib/gcc/arm-none-eabi/6.3.1/../../../../arm-none-eabi/lib/thumb/v7e-m\libg.a(lib_a-mallocr.o) (__malloc_lock)
f:/ac6/systemworkbench/plugins/fr.ac6.mcu.externaltools.arm-none.win32_1.15.0.201708311556/tools/compiler/bin/../lib/gcc/arm-none-eabi/6.3.1/../../../../arm-none-eabi/lib/thumb/v7e-m\libg.a(lib_a-sbrkr.o)
                              f:/ac6/systemworkbench/plugins/fr.ac6.mcu.externaltools.arm-none.win32_1.15.0.201708311556/tools/compiler/bin/../lib/gcc/arm-none-eabi/6.3.1/../../../../arm-none-eabi/lib/thumb/v7e-m\libg.a(lib_a-mallocr.o) (_sbrk_r)
f:/ac6/systemworkbench/plugins/fr.ac6.mcu.externaltools.arm-none.win32_1.15.0.201708311556/tools/compiler/bin/../lib/gcc/arm-none-eabi/6.3.1/../../../../arm-none-eabi/lib/thumb/v7e-m\libg.a(lib_a-freer.o)
                              f:/ac6/systemworkbench/plugins/fr.ac6.mcu.externaltools.arm-none.win32_1.15.0.201708311556/tools/compiler/bin/../lib/gcc/arm-none-eabi/6.3.1/../../../../arm-none-eabi/lib/thumb/v7e-m\libg.a(lib_a-malloc.o) (_free_r)
f:/ac6/systemworkbench/plugins/fr.ac6.mcu.externaltools.arm-none.win32_1.15.0.201708311556/tools/compiler/bin/../lib/gcc/arm-none-eabi/6.3.1/../../../../arm-none-eabi/lib/thumb/v7e-m\libg.a(lib_a-impure.o)
                              f:/ac6/systemworkbench/plugins/fr.ac6.mcu.externaltools.arm-none.win32_1.15.0.201708311556/tools/compiler/bin/../lib/gcc/arm-none-eabi/6.3.1/../../../../arm-none-eabi/lib/thumb/v7e-m\libg.a(lib_a-malloc.o) (_impure_ptr)
f:/ac6/systemworkbench/plugins/fr.ac6.mcu.externaltools.arm-none.win32_1.15.0.201708311556/tools/compiler/bin/../lib/gcc/arm-none-eabi/6.3.1/../../../../arm-none-eabi/lib/thumb/v7e-m\libg.a(lib_a-lock.o)
                              f:/ac6/systemworkbench/plugins/fr.ac6.mcu.externaltools.arm-none.win32_1.15.0.201708311556/tools/compiler/bin/../lib/gcc/arm-none-eabi/6.3.1/../../../../arm-none-eabi/lib/thumb/v7e-m\libg.a(lib_a-mlock.o) (__retarget_lock_acquire_recursive)
f:/ac6/systemworkbench/plugins/fr.ac6.mcu.externaltools.arm-none.win32_1.15.0.201708311556/tools/compiler/bin/../lib/gcc/arm-none-eabi/6.3.1/../../../../arm-none-eabi/lib/thumb/v7e-m\libg.a(lib_a-reent.o)
                              f:/ac6/systemworkbench/plugins/fr.ac6.mcu.externaltools.arm-none.win32_1.15.0.201708311556/tools/compiler/bin/../lib/gcc/arm-none-eabi/6.3.1/../../../../arm-none-eabi/lib/thumb/v7e-m\libg.a(lib_a-sbrkr.o) (errno)

Allocating common symbols
Common symbol       size              file

__lock___atexit_recursive_mutex
                    0x1               f:/ac6/systemworkbench/plugins/fr.ac6.mcu.externaltools.arm-none.win32_1.15.0.201708311556/tools/compiler/bin/../lib/gcc/arm-none-eabi/6.3.1/../../../../arm-none-eabi/lib/thumb/v7e-m\libg.a(lib_a-lock.o)
__lock___arc4random_mutex
                    0x1               f:/ac6/systemworkbench/plugins/fr.ac6.mcu.externaltools.arm-none.win32_1.15.0.201708311556/tools/compiler/bin/../lib/gcc/arm-none-eabi/6.3.1/../../../../arm-none-eabi/lib/thumb/v7e-m\libg.a(lib_a-lock.o)
errno               0x4               f:/ac6/systemworkbench/plugins/fr.ac6.mcu.externaltools.arm-none.win32_1.15.0.201708311556/tools/compiler/bin/../lib/gcc/arm-none-eabi/6.3.1/../../../../arm-none-eabi/lib/thumb/v7e-m\libg.a(lib_a-reent.o)
__lock___env_recursive_mutex
                    0x1               f:/ac6/systemworkbench/plugins/fr.ac6.mcu.externaltools.arm-none.win32_1.15.0.201708311556/tools/compiler/bin/../lib/gcc/arm-none-eabi/6.3.1/../../../../arm-none-eabi/lib/thumb/v7e-m\libg.a(lib_a-lock.o)
__lock___sinit_recursive_mutex
                    0x1               f:/ac6/systemworkbench/plugins/fr.ac6.mcu.externaltools.arm-none.win32_1.15.0.201708311556/tools/compiler/bin/../lib/gcc/arm-none-eabi/6.3.1/../../../../arm-none-eabi/lib/thumb/v7e-m\libg.a(lib_a-lock.o)
__lock___malloc_recursive_mutex
[...]
Memory Configuration

Name             Origin             Length             Attributes
rom              0x08000000         0x00100000         xr
ram              0x20000000         0x00020000         xrw
ram1             0x10000000         0x00010000         xrw
*default*        0x00000000         0xffffffff

Linker script and memory map

                0x20020000                _eram = 0x20020000

.text           0x08000000     0x64df
 *(.isr_vector)
 .isr_vector    0x08000000      0x188 ..\obj\startup_stm32f4xx.o
                0x08000000                g_pfnVectors
 *(.text*)
 .text.SYSCFG_EXTILineConfig
                0x08000188       0x84 ..\obj\stm32f4xx_syscfg.o
                0x08000188                SYSCFG_EXTILineConfig
 .text.delay_init
                0x0800020c       0x34 ..\obj\delay.o
                0x0800020c                delay_init
 .text.delay_ms
                0x08000240       0x26 ..\obj\delay.o
                0x08000240                delay_ms
 *fill*         0x08000266        0x2 
 .text.delay_us
                0x08000268       0x5c ..\obj\delay.o
                0x08000268                delay_us
 .text.Default_Reset_Handler
                0x080002c4       0x5c ..\obj\startup_stm32f4xx.o
                0x080002c4                Default_Reset_Handler
                0x080002c4                Reset_Handler
 .text.Default_Handler
                0x08000320        0x6 ..\obj\startup_stm32f4xx.o
                0x08000320                RTC_Alarm_IRQHandler
                0x08000320                HASH_RNG_IRQHandler
                0x08000320                EXTI2_IRQHandler
                0x08000320                TIM8_CC_IRQHandler
                0x08000320                DebugMon_Handler
                0x08000320                TIM1_CC_IRQHandler
                0x08000320                DMA2_Stream5_IRQHandler
                0x08000320                HardFault_Handler
                0x08000320                DMA1_Stream5_IRQHandler
                0x08000320                PVD_IRQHandler
                0x08000320                SDIO_IRQHandler
                0x08000320                TAMP_STAMP_IRQHandler
                0x08000320                PendSV_Handler
                0x08000320                NMI_Handler
                0x08000320                CAN2_RX1_IRQHandler
                0x08000320                EXTI3_IRQHandler
                0x08000320                TIM8_TRG_COM_TIM14_IRQHandler
                0x08000320                TIM1_UP_TIM10_IRQHandler
                0x08000320                TIM8_UP_TIM13_IRQHandler
                0x08000320                I2C3_ER_IRQHandler
                0x08000320                I2C2_EV_IRQHandler
                0x08000320                DMA1_Stream2_IRQHandler
                0x08000320                CAN1_RX0_IRQHandler
                0x08000320                FPU_IRQHandler
                0x08000320                OTG_HS_WKUP_IRQHandler
                0x08000320                UsageFault_Handler
                0x08000320                CAN2_SCE_IRQHandler
                0x08000320                DMA2_Stream2_IRQHandler
                0x08000320                SPI1_IRQHandler
                0x08000320                TIM6_DAC_IRQHandler
                0x08000320                TIM1_BRK_TIM9_IRQHandler
                0x08000320                DCMI_IRQHandler
                0x08000320                CAN2_RX0_IRQHandler
                0x08000320                DMA2_Stream3_IRQHandler
                0x08000320                USART6_IRQHandler
                0x08000320                USART3_IRQHandler
                0x08000320                CRYP_IRQHandler
                0x08000320                CAN1_RX1_IRQHandler
                0x08000320                UART5_IRQHandler
                0x08000320                DMA2_Stream0_IRQHandler
                0x08000320                I2C1_EV_IRQHandler
                0x08000320                DMA1_Stream6_IRQHandler
                0x08000320                DMA1_Stream1_IRQHandler
                0x08000320                UART4_IRQHandler
                0x08000320                RCC_IRQHandler
                0x08000320                TIM8_BRK_TIM12_IRQHandler
                0x08000320                EXTI15_10_IRQHandler
                0x08000320                ADC_IRQHandler
                0x08000320                DMA1_Stream7_IRQHandler
                0x08000320                TIM7_IRQHandler
                0x08000320                CAN2_TX_IRQHandler
                0x08000320                DMA2_Stream7_IRQHandler
                0x08000320                I2C3_EV_IRQHandler
                0x08000320                RTC_WKUP_IRQHandler
                0x08000320                ETH_WKUP_IRQHandler
                0x08000320                SPI2_IRQHandler
                0x08000320                OTG_HS_EP1_IN_IRQHandler
                0x08000320                MemManage_Handler
                0x08000320                DMA1_Stream0_IRQHandler
                0x08000320                CAN1_TX_IRQHandler
                0x08000320                SVC_Handler
                0x08000320                EXTI4_IRQHandler
                0x08000320                FSMC_IRQHandler
                0x08000320                ETH_IRQHandler
                0x08000320                OTG_HS_EP1_OUT_IRQHandler
                0x08000320                WWDG_IRQHandler
                0x08000320                OTG_FS_WKUP_IRQHandler
                0x08000320                TIM1_TRG_COM_TIM11_IRQHandler
                0x08000320                OTG_HS_IRQHandler
                0x08000320                EXTI1_IRQHandler
                0x08000320                USART2_IRQHandler
                0x08000320                I2C2_ER_IRQHandler
                0x08000320                DMA2_Stream1_IRQHandler
                0x08000320                CAN1_SCE_IRQHandler
                0x08000320                FLASH_IRQHandler
                0x08000320                DMA2_Stream4_IRQHandler
                0x08000320                BusFault_Handler
                0x08000320                USART1_IRQHandler
                0x08000320                OTG_FS_IRQHandler
                0x08000320                SPI3_IRQHandler
                0x08000320                DMA1_Stream4_IRQHandler
                0x08000320                I2C1_ER_IRQHandler
                0x08000320                DMA2_Stream6_IRQHandler
                0x08000320                DMA1_Stream3_IRQHandler
 *fill*         0x08000326        0x2 
 .text.NVIC_SetPriority
                0x08000328       0x54 ..\obj\main.o
 .text.SysTick_Config
                0x0800037c       0x44 ..\obj\main.o
 .text.EXTI0_IRQHandler
                0x080003c0       0x30 ..\obj\main.o
                0x080003c0                EXTI0_IRQHandler
 .text.EXTI9_5_IRQHandler
                0x080003f0       0x78 ..\obj\main.o
                0x080003f0                EXTI9_5_IRQHandler
 .text.TIM2_IRQHandler
                0x08000468       0x38 ..\obj\main.o
                0x08000468                TIM2_IRQHandler
 .text.TIM3_IRQHandler
                0x080004a0       0xc0 ..\obj\main.o
                0x080004a0                TIM3_IRQHandler
 .text.TIM4_IRQHandler
                0x08000560       0x68 ..\obj\main.o
                0x08000560                TIM4_IRQHandler
 .text.TIM5_IRQHandler
                0x080005c8       0x50 ..\obj\main.o
                0x080005c8                TIM5_IRQHandler
 .text.ERROR_TIM_4
                0x08000618       0x6c ..\obj\main.o
                0x08000618                ERROR_TIM_4
 .text.JOINT_VIBRATION
                0x08000684       0x6c ..\obj\main.o
                0x08000684                JOINT_VIBRATION
 .text.DIODES_INTERRUPT
                0x080006f0       0x6c ..\obj\main.o
                0x080006f0                DIODES_INTERRUPT
 .text.DIODES_init
                0x0800075c       0x3c ..\obj\main.o
                0x0800075c                DIODES_init
 .text.spin_diodes
                0x08000798      0x118 ..\obj\main.o
                0x08000798                spin_diodes
 .text.BUTTON_init
                0x080008b0       0x30 ..\obj\main.o
                0x080008b0                BUTTON_init
 .text.INTERRUPT_init
                0x080008e0       0x7c ..\obj\main.o
                0x080008e0                INTERRUPT_init
 .text.MY_DMA_initM2P
                0x0800095c       0x9c ..\obj\main.o
                0x0800095c                MY_DMA_initM2P
 .text.ADC_conversion
                0x080009f8       0x38 ..\obj\main.o
                0x080009f8                ADC_conversion
 .text.TIM2_ADC_init
                0x08000a30       0x6e ..\obj\main.o
                0x08000a30                TIM2_ADC_init
 *fill*         0x08000a9e        0x2 
 .text.ADC_init
                0x08000aa0       0x9c ..\obj\main.o
                0x08000aa0                ADC_init
 .text.read_and_send
                0x08000b3c       0x90 ..\obj\main.o
                0x08000b3c                read_and_send
 .text.play_wav
                0x08000bcc       0xf4 ..\obj\main.o
                0x08000bcc                play_wav
 .text.isWAV    0x08000cc0       0x78 ..\obj\main.o
                0x08000cc0                isWAV
 .text.main     0x08000d38      0x288 ..\obj\main.o
                0x08000d38                main
 .text.SysTick_Handler
                0x08000fc0        0xc ..\obj\main.o
                0x08000fc0                SysTick_Handler
 .text.RCC_PLLI2SCmd
                0x08000fcc       0x20 ..\obj\stm32f4xx_rcc.o
                0x08000fcc                RCC_PLLI2SCmd
 .text.RCC_GetClocksFreq
                0x08000fec      0x150 ..\obj\stm32f4xx_rcc.o
                0x08000fec                RCC_GetClocksFreq
 .text.RCC_AHB1PeriphClockCmd
                0x0800113c       0x3c ..\obj\stm32f4xx_rcc.o
                0x0800113c                RCC_AHB1PeriphClockCmd
 .text.RCC_AHB2PeriphClockCmd
                0x08001178       0x3c ..\obj\stm32f4xx_rcc.o
                0x08001178                RCC_AHB2PeriphClockCmd
 .text.RCC_APB1PeriphClockCmd
                0x080011b4       0x3c ..\obj\stm32f4xx_rcc.o
                0x080011b4                RCC_APB1PeriphClockCmd
 .text.RCC_APB2PeriphClockCmd
                0x080011f0       0x3c ..\obj\stm32f4xx_rcc.o
                0x080011f0                RCC_APB2PeriphClockCmd
 .text.RCC_APB1PeriphResetCmd
                0x0800122c       0x3c ..\obj\stm32f4xx_rcc.o
                0x0800122c                RCC_APB1PeriphResetCmd
 .text.RCC_APB2PeriphResetCmd
                0x08001268       0x3c ..\obj\stm32f4xx_rcc.o
                0x08001268                RCC_APB2PeriphResetCmd
 .text.codec_init
                0x080012a4      0x170 ..\obj\codec.o
                0x080012a4                codec_init
 .text.codec_ctrl_init
                0x08001414      0x168 ..\obj\codec.o
                0x08001414                codec_ctrl_init
 .text.send_codec_ctrl
                0x0800157c       0xb8 ..\obj\codec.o
                0x0800157c                send_codec_ctrl
 .text.read_codec_register
                0x08001634      0x104 ..\obj\codec.o
                0x08001634                read_codec_register
 .text.Codec_VolumeCtrl
                0x08001738       0x4a ..\obj\codec.o
                0x08001738                Codec_VolumeCtrl
 *fill*         0x08001782        0x2 
 .text.Codec_WriteRegister
                0x08001784      0x140 ..\obj\codec.o
                0x08001784                Codec_WriteRegister
 .text.Codec_TIMEOUT_UserCallback
                0x080018c4        0x6 ..\obj\codec.o
                0x080018c4                Codec_TIMEOUT_UserCallback
 *fill*         0x080018ca        0x2 
 .text.ADC_Init
                0x080018cc       0xa8 ..\obj\stm32f4xx_adc.o
                0x080018cc                ADC_Init
 .text.ADC_CommonInit
                0x08001974       0x50 ..\obj\stm32f4xx_adc.o
                0x08001974                ADC_CommonInit
 .text.ADC_Cmd  0x080019c4       0x36 ..\obj\stm32f4xx_adc.o
                0x080019c4                ADC_Cmd
 .text.ADC_RegularChannelConfig
                0x080019fa      0x192 ..\obj\stm32f4xx_adc.o
                0x080019fa                ADC_RegularChannelConfig
 .text.ADC_SoftwareStartConv
                0x08001b8c       0x1e ..\obj\stm32f4xx_adc.o
                0x08001b8c                ADC_SoftwareStartConv
 .text.ADC_GetConversionValue
                0x08001baa       0x18 ..\obj\stm32f4xx_adc.o
                0x08001baa                ADC_GetConversionValue
 .text.ADC_GetFlagStatus
                0x08001bc2       0x32 ..\obj\stm32f4xx_adc.o
                0x08001bc2                ADC_GetFlagStatus
 .text.add_last
                0x08001bf4       0x58 ..\obj\List.o
                0x08001bf4                add_last
 .text.SELECT   0x08001c4c       0x20 ..\obj\spi_sd.o
 .text.DESELECT
                0x08001c6c       0x20 ..\obj\spi_sd.o
 .text.SPI_SD_Init
                0x08001c8c       0xfc ..\obj\spi_sd.o
                0x08001c8c                SPI_SD_Init
 .text.xmit_spi
                0x08001d88       0x4c ..\obj\spi_sd.o
 .text.rcvr_spi
                0x08001dd4       0x5c ..\obj\spi_sd.o
 .text.rcvr_spi_m
                0x08001e30       0x1c ..\obj\spi_sd.o
 .text.wait_ready
                0x08001e4c       0x38 ..\obj\spi_sd.o
 .text.power_on
                0x08001e84       0x34 ..\obj\spi_sd.o
 .text.power_off
                0x08001eb8       0x18 ..\obj\spi_sd.o
 .text.chk_power
                0x08001ed0       0x14 ..\obj\spi_sd.o
 .text.rcvr_datablock
                0x08001ee4       0x6c ..\obj\spi_sd.o
 .text.xmit_datablock
                0x08001f50       0xa8 ..\obj\spi_sd.o
 .text.send_cmd
                0x08001ff8       0xa4 ..\obj\spi_sd.o
 .text.disk_initialize
                0x0800209c      0x1d4 ..\obj\spi_sd.o
                0x0800209c                disk_initialize
 .text.disk_status
                0x08002270       0x28 ..\obj\spi_sd.o
                0x08002270                disk_status
 .text.disk_read
                0x08002298       0xd8 ..\obj\spi_sd.o
                0x08002298                disk_read
 .text.disk_write
                0x08002370      0x110 ..\obj\spi_sd.o
                0x08002370                disk_write
 .text.disk_ioctl
                0x08002480      0x260 ..\obj\spi_sd.o
                0x08002480                disk_ioctl
 .text.disk_timerproc
                0x080026e0       0x48 ..\obj\spi_sd.o
                0x080026e0                disk_timerproc
 .text.get_fattime
                0x08002728       0x14 ..\obj\spi_sd.o
                0x08002728                get_fattime
 .text.GPIO_Init
                0x0800273c      0x11a ..\obj\stm32f4xx_gpio.o
                0x0800273c                GPIO_Init
 .text.GPIO_StructInit
                0x08002856       0x32 ..\obj\stm32f4xx_gpio.o
                0x08002856                GPIO_StructInit
 .text.GPIO_SetBits
                0x08002888       0x1c ..\obj\stm32f4xx_gpio.o
                0x08002888                GPIO_SetBits
 .text.GPIO_ResetBits
                0x080028a4       0x1c ..\obj\stm32f4xx_gpio.o
                0x080028a4                GPIO_ResetBits
 .text.GPIO_ToggleBits
                0x080028c0       0x22 ..\obj\stm32f4xx_gpio.o
                0x080028c0                GPIO_ToggleBits
 .text.GPIO_PinAFConfig
                0x080028e2       0x90 ..\obj\stm32f4xx_gpio.o
                0x080028e2                GPIO_PinAFConfig
 *fill*         0x08002972        0x2 
 .text.SystemInit
                0x08002974       0x5c ..\obj\system_stm32f4xx.o
                0x08002974                SystemInit
 .text.SetSysClock
                0x080029d0       0xf4 ..\obj\system_stm32f4xx.o
 .text._sbrk    0x08002ac4       0x3c ..\obj\syscalls.o
                0x08002ac4                _sbrk
 .text.DMA_DeInit
                0x08002b00      0x1a4 ..\obj\stm32f4xx_dma.o
                0x08002b00                DMA_DeInit
 .text.DMA_Init
                0x08002ca4       0xac ..\obj\stm32f4xx_dma.o
                0x08002ca4                DMA_Init
 .text.DMA_Cmd  0x08002d50       0x36 ..\obj\stm32f4xx_dma.o
                0x08002d50                DMA_Cmd
 *fill*         0x08002d86        0x2 
 .text.DMA_GetFlagStatus
                0x08002d88       0x74 ..\obj\stm32f4xx_dma.o
                0x08002d88                DMA_GetFlagStatus
 .text.DMA_ClearFlag
                0x08002dfc       0x5c ..\obj\stm32f4xx_dma.o
                0x08002dfc                DMA_ClearFlag
 .text.ld_word  0x08002e58       0x2e ..\obj\ff.o
 .text.ld_dword
                0x08002e86       0x44 ..\obj\ff.o
 .text.st_word  0x08002eca       0x34 ..\obj\ff.o
 .text.st_dword
                0x08002efe       0x56 ..\obj\ff.o
 .text.mem_cpy  0x08002f54       0x40 ..\obj\ff.o
 .text.mem_set  0x08002f94       0x32 ..\obj\ff.o
 .text.mem_cmp  0x08002fc6       0x4c ..\obj\ff.o
 .text.chk_chr  0x08003012       0x34 ..\obj\ff.o
 .text.sync_window
                0x08003046       0x88 ..\obj\ff.o
 .text.move_window
                0x080030ce       0x5a ..\obj\ff.o
 .text.sync_fs  0x08003128       0xdc ..\obj\ff.o
 .text.clust2sect
                0x08003204       0x3c ..\obj\ff.o
 .text.get_fat  0x08003240      0x146 ..\obj\ff.o
 .text.put_fat  0x08003386      0x1c4 ..\obj\ff.o
 .text.remove_chain
                0x0800354a       0xc6 ..\obj\ff.o
 .text.create_chain
                0x08003610      0x130 ..\obj\ff.o
 .text.dir_sdi  0x08003740       0xf6 ..\obj\ff.o
 .text.dir_next
                0x08003836      0x188 ..\obj\ff.o
 .text.dir_alloc
                0x080039be       0x8e ..\obj\ff.o
 .text.ld_clust
                0x08003a4c       0x3e ..\obj\ff.o
 .text.st_clust
                0x08003a8a       0x40 ..\obj\ff.o
 .text.dir_read
                0x08003aca       0xba ..\obj\ff.o
 .text.dir_find
                0x08003b84       0xaa ..\obj\ff.o
 .text.dir_register
                0x08003c2e       0x64 ..\obj\ff.o
 .text.get_fileinfo
                0x08003c92       0xc6 ..\obj\ff.o
 .text.create_name
                0x08003d58      0x188 ..\obj\ff.o
 .text.follow_path
                0x08003ee0       0xe2 ..\obj\ff.o
 .text.get_ldnumber
                0x08003fc2       0x86 ..\obj\ff.o
 .text.check_fs
                0x08004048       0x88 ..\obj\ff.o
 .text.find_volume
                0x080040d0      0x494 ..\obj\ff.o
 .text.validate
                0x08004564       0x6c ..\obj\ff.o
 .text.f_mount  0x080045d0       0x88 ..\obj\ff.o
                0x080045d0                f_mount
 .text.f_open   0x08004658      0x238 ..\obj\ff.o
                0x08004658                f_open
 .text.f_read   0x08004890      0x268 ..\obj\ff.o
                0x08004890                f_read
 .text.f_sync   0x08004af8       0xfc ..\obj\ff.o
                0x08004af8                f_sync
 .text.f_close  0x08004bf4       0x3e ..\obj\ff.o
                0x08004bf4                f_close
 .text.f_lseek  0x08004c32      0x25a ..\obj\ff.o
                0x08004c32                f_lseek
 .text.f_opendir
                0x08004e8c       0xc0 ..\obj\ff.o
                0x08004e8c                f_opendir
 .text.f_readdir
                0x08004f4c       0x80 ..\obj\ff.o
                0x08004f4c                f_readdir
 .text.SPI_I2S_DeInit
                0x08004fcc       0x74 ..\obj\stm32f4xx_spi.o
                0x08004fcc                SPI_I2S_DeInit
 .text.SPI_Init
                0x08005040       0x86 ..\obj\stm32f4xx_spi.o
                0x08005040                SPI_Init
 *fill*         0x080050c6        0x2 
 .text.I2S_Init
                0x080050c8      0x1a8 ..\obj\stm32f4xx_spi.o
                0x080050c8                I2S_Init
 .text.SPI_Cmd  0x08005270       0x3e ..\obj\stm32f4xx_spi.o
                0x08005270                SPI_Cmd
 .text.I2S_Cmd  0x080052ae       0x3e ..\obj\stm32f4xx_spi.o
                0x080052ae                I2S_Cmd
 .text.SPI_CalculateCRC
                0x080052ec       0x3e ..\obj\stm32f4xx_spi.o
                0x080052ec                SPI_CalculateCRC
 .text.SPI_I2S_DMACmd
                0x0800532a       0x46 ..\obj\stm32f4xx_spi.o
                0x0800532a                SPI_I2S_DMACmd
 .text.I2C_DeInit
                0x08005370       0x74 ..\obj\stm32f4xx_i2c.o
                0x08005370                I2C_DeInit
 .text.I2C_Init
                0x080053e4      0x184 ..\obj\stm32f4xx_i2c.o
                0x080053e4                I2C_Init
 .text.I2C_Cmd  0x08005568       0x3e ..\obj\stm32f4xx_i2c.o
                0x08005568                I2C_Cmd
 .text.I2C_GenerateSTART
                0x080055a6       0x3e ..\obj\stm32f4xx_i2c.o
                0x080055a6                I2C_GenerateSTART
 .text.I2C_GenerateSTOP
                0x080055e4       0x3e ..\obj\stm32f4xx_i2c.o
                0x080055e4                I2C_GenerateSTOP
 .text.I2C_Send7bitAddress
                0x08005622       0x3a ..\obj\stm32f4xx_i2c.o
                0x08005622                I2C_Send7bitAddress
 .text.I2C_AcknowledgeConfig
                0x0800565c       0x3e ..\obj\stm32f4xx_i2c.o
                0x0800565c                I2C_AcknowledgeConfig
 .text.I2C_SendData
                0x0800569a       0x1e ..\obj\stm32f4xx_i2c.o
                0x0800569a                I2C_SendData
 .text.I2C_ReceiveData
                0x080056b8       0x1a ..\obj\stm32f4xx_i2c.o
                0x080056b8                I2C_ReceiveData
 .text.I2C_CheckEvent
                0x080056d2       0x5e ..\obj\stm32f4xx_i2c.o
                0x080056d2                I2C_CheckEvent
 .text.I2C_GetFlagStatus
                0x08005730       0x64 ..\obj\stm32f4xx_i2c.o
                0x08005730                I2C_GetFlagStatus
 .text.RNG_Cmd  0x08005794       0x38 ..\obj\stm32f4xx_rng.o
                0x08005794                RNG_Cmd
 .text.RNG_GetRandomNumber
                0x080057cc       0x14 ..\obj\stm32f4xx_rng.o
                0x080057cc                RNG_GetRandomNumber
 .text.EXTI_Init
                0x080057e0       0xe4 ..\obj\stm32f4xx_exti.o
                0x080057e0                EXTI_Init
 .text.EXTI_GetITStatus
                0x080058c4       0x48 ..\obj\stm32f4xx_exti.o
                0x080058c4                EXTI_GetITStatus
 .text.EXTI_ClearITPendingBit
                0x0800590c       0x1c ..\obj\stm32f4xx_exti.o
                0x0800590c                EXTI_ClearITPendingBit
 .text.NVIC_PriorityGroupConfig
                0x08005928       0x24 ..\obj\misc.o
                0x08005928                NVIC_PriorityGroupConfig
 .text.NVIC_Init
                0x0800594c       0xc4 ..\obj\misc.o
                0x0800594c                NVIC_Init
 .text.SysTick_CLKSourceConfig
                0x08005a10       0x38 ..\obj\misc.o
                0x08005a10                SysTick_CLKSourceConfig
 .text.TIM_TimeBaseInit
                0x08005a48       0xd4 ..\obj\stm32f4xx_tim.o
                0x08005a48                TIM_TimeBaseInit
 .text.TIM_SetCounter
                0x08005b1c       0x1a ..\obj\stm32f4xx_tim.o
                0x08005b1c                TIM_SetCounter
 .text.TIM_Cmd  0x08005b36       0x3e ..\obj\stm32f4xx_tim.o
                0x08005b36                TIM_Cmd
 .text.TIM_ITConfig
                0x08005b74       0x46 ..\obj\stm32f4xx_tim.o
                0x08005b74                TIM_ITConfig
 .text.TIM_GetITStatus
                0x08005bba       0x52 ..\obj\stm32f4xx_tim.o
                0x08005bba                TIM_GetITStatus
 .text.TIM_ClearITPendingBit
                0x08005c0c       0x20 ..\obj\stm32f4xx_tim.o
                0x08005c0c                TIM_ClearITPendingBit
 .text.malloc   0x08005c2c       0x10 f:/ac6/systemworkbench/plugins/fr.ac6.mcu.externaltools.arm-none.win32_1.15.0.201708311556/tools/compiler/bin/../lib/gcc/arm-none-eabi/6.3.1/../../../../arm-none-eabi/lib/thumb/v7e-m\libg.a(lib_a-malloc.o)
                0x08005c2c                malloc
 .text._malloc_r
                0x08005c3c      0x560 f:/ac6/systemworkbench/plugins/fr.ac6.mcu.externaltools.arm-none.win32_1.15.0.201708311556/tools/compiler/bin/../lib/gcc/arm-none-eabi/6.3.1/../../../../arm-none-eabi/lib/thumb/v7e-m\libg.a(lib_a-mallocr.o)
                0x08005c3c                _malloc_r
 .text.__malloc_lock
                0x0800619c        0xc f:/ac6/systemworkbench/plugins/fr.ac6.mcu.externaltools.arm-none.win32_1.15.0.201708311556/tools/compiler/bin/../lib/gcc/arm-none-eabi/6.3.1/../../../../arm-none-eabi/lib/thumb/v7e-m\libg.a(lib_a-mlock.o)
                0x0800619c                __malloc_lock
 .text.__malloc_unlock
                0x080061a8        0xc f:/ac6/systemworkbench/plugins/fr.ac6.mcu.externaltools.arm-none.win32_1.15.0.201708311556/tools/compiler/bin/../lib/gcc/arm-none-eabi/6.3.1/../../../../arm-none-eabi/lib/thumb/v7e-m\libg.a(lib_a-mlock.o)
                0x080061a8                __malloc_unlock
 .text._sbrk_r  0x080061b4       0x24 f:/ac6/systemworkbench/plugins/fr.ac6.mcu.externaltools.arm-none.win32_1.15.0.201708311556/tools/compiler/bin/../lib/gcc/arm-none-eabi/6.3.1/../../../../arm-none-eabi/lib/thumb/v7e-m\libg.a(lib_a-sbrkr.o)
                0x080061b4                _sbrk_r
 .text._malloc_trim_r
                0x080061d8       0xa0 f:/ac6/systemworkbench/plugins/fr.ac6.mcu.externaltools.arm-none.win32_1.15.0.201708311556/tools/compiler/bin/../lib/gcc/arm-none-eabi/6.3.1/../../../../arm-none-eabi/lib/thumb/v7e-m\libg.a(lib_a-freer.o)
                0x080061d8                _malloc_trim_r
 .text._free_r  0x08006278      0x1cc f:/ac6/systemworkbench/plugins/fr.ac6.mcu.externaltools.arm-none.win32_1.15.0.201708311556/tools/compiler/bin/../lib/gcc/arm-none-eabi/6.3.1/../../../../arm-none-eabi/lib/thumb/v7e-m\libg.a(lib_a-freer.o)
                0x08006278                _free_r
 .text.__retarget_lock_acquire_recursive
                0x08006444        0x4 f:/ac6/systemworkbench/plugins/fr.ac6.mcu.externaltools.arm-none.win32_1.15.0.201708311556/tools/compiler/bin/../lib/gcc/arm-none-eabi/6.3.1/../../../../arm-none-eabi/lib/thumb/v7e-m\libg.a(lib_a-lock.o)
                0x08006444                __retarget_lock_acquire_recursive
 .text.__retarget_lock_release_recursive
                0x08006448        0x4 f:/ac6/systemworkbench/plugins/fr.ac6.mcu.externaltools.arm-none.win32_1.15.0.201708311556/tools/compiler/bin/../lib/gcc/arm-none-eabi/6.3.1/../../../../arm-none-eabi/lib/thumb/v7e-m\libg.a(lib_a-lock.o)
                0x08006448                __retarget_lock_release_recursive
 *(.init)
 *(.fini)
 *crtbegin.o(.ctors)
 *crtbegin?.o(.ctors)
 *(EXCLUDE_FILE(*crtend.o *crtend?.o) .ctors)
 *(SORT(.ctors.*))
 *(.ctors)
 *crtbegin.o(.dtors)
 *crtbegin?.o(.dtors)
 *(EXCLUDE_FILE(*crtend.o *crtend?.o) .dtors)
 *(SORT(.dtors.*))
 *(.dtors)
 *(.rodata*)
 .rodata        0x0800644c        0x2 ..\obj\main.o
 *fill*         0x0800644e        0x2 
 .rodata        0x08006450       0x8f ..\obj\ff.o
 *(.eh_fram e*)

.glue_7         0x080064e0        0x0
 .glue_7        0x080064e0        0x0 linker stubs

.glue_7t        0x080064e0        0x0
 .glue_7t       0x080064e0        0x0 linker stubs

.vfp11_veneer   0x080064e0        0x0
 .vfp11_veneer  0x080064e0        0x0 linker stubs

.v4_bx          0x080064e0        0x0
 .v4_bx         0x080064e0        0x0 linker stubs

.iplt           0x080064e0        0x0
 .iplt          0x080064e0        0x0 ..\obj\stm32f4xx_syscfg.o

.rel.dyn        0x080064e0        0x0
 .rel.iplt      0x080064e0        0x0 ..\obj\stm32f4xx_syscfg.o

.ARM.extab
 *(.ARM.extab* .gnu.linkonce.armextab.*)
                0x080064e0                __exidx_start = .

.ARM.exidx
 *(.ARM.exidx* .gnu.linkonce.armexidx.*)
                0x080064e0                __exidx_end = .
                0x080064e0                __etext = .
                0x080064df                _sidata = __etext

.data           0x20000000      0x860 load address 0x080064df
                0x20000000                __data_start__ = .
                0x20000000                _sdata = __data_start__
 *(vtable)
 *(.data*)
 .data          0x20000000        0x9 ..\obj\main.o
                0x20000000                num_of_switch
                0x20000004                song_time
 *fill*         0x20000009        0x3 
 .data          0x2000000c       0x10 ..\obj\stm32f4xx_rcc.o
 .data          0x2000001c        0x4 ..\obj\codec.o
                0x2000001c                CODECTimeout
 .data          0x20000020        0x1 ..\obj\spi_sd.o
 *fill*         0x20000021        0x3 
 .data.__malloc_av_
                0x20000024      0x408 f:/ac6/systemworkbench/plugins/fr.ac6.mcu.externaltools.arm-none.win32_1.15.0.201708311556/tools/compiler/bin/../lib/gcc/arm-none-eabi/6.3.1/../../../../arm-none-eabi/lib/thumb/v7e-m\libg.a(lib_a-mallocr.o)
                0x20000024                __malloc_av_
 .data.__malloc_sbrk_base
                0x2000042c        0x4 f:/ac6/systemworkbench/plugins/fr.ac6.mcu.externaltools.arm-none.win32_1.15.0.201708311556/tools/compiler/bin/../lib/gcc/arm-none-eabi/6.3.1/../../../../arm-none-eabi/lib/thumb/v7e-m\libg.a(lib_a-mallocr.o)
                0x2000042c                __malloc_sbrk_base
 .data.__malloc_trim_threshold
                0x20000430        0x4 f:/ac6/systemworkbench/plugins/fr.ac6.mcu.externaltools.arm-none.win32_1.15.0.201708311556/tools/compiler/bin/../lib/gcc/arm-none-eabi/6.3.1/../../../../arm-none-eabi/lib/thumb/v7e-m\libg.a(lib_a-mallocr.o)
                0x20000430                __malloc_trim_threshold
 .data._impure_ptr
                0x20000434        0x4 f:/ac6/systemworkbench/plugins/fr.ac6.mcu.externaltools.arm-none.win32_1.15.0.201708311556/tools/compiler/bin/../lib/gcc/arm-none-eabi/6.3.1/../../../../arm-none-eabi/lib/thumb/v7e-m\libg.a(lib_a-impure.o)
                0x20000434                _impure_ptr
 .data.impure_data
                0x20000438      0x428 f:/ac6/systemworkbench/plugins/fr.ac6.mcu.externaltools.arm-none.win32_1.15.0.201708311556/tools/compiler/bin/../lib/gcc/arm-none-eabi/6.3.1/../../../../arm-none-eabi/lib/thumb/v7e-m\libg.a(lib_a-impure.o)
                0x20000860                . = ALIGN (0x4)
                [!provide]                PROVIDE (__preinit_array_start, .)
 *(.preinit_array)
                [!provide]                PROVIDE (__preinit_array_end, .)
                0x20000860                . = ALIGN (0x4)
                [!provide]                PROVIDE (__init_array_start, .)
 *(SORT(.init_array.*))
 *(.init_array)
                [!provide]                PROVIDE (__init_array_end, .)
                0x20000860                . = ALIGN (0x4)
                [!provide]                PROVIDE (__fini_array_start, .)
 *(SORT(.fini_array.*))
 *(.fini_array)
                [!provide]                PROVIDE (__fini_array_end, .)
 *(.jcr*)
                0x20000860                . = ALIGN (0x4)
                0x20000860                __data_end__ = .
                0x20000860                _edata = __data_end__

.igot.plt       0x20000860        0x0 load address 0x08006d40
 .igot.plt      0x20000860        0x0 ..\obj\stm32f4xx_syscfg.o

.bss            0x20000860     0x14d0 load address 0x08006d40
                0x20000860                . = ALIGN (0x4)
                0x20000860                __bss_start__ = .
                0x20000860                _sbss = __bss_start__
 *(.bss*)
 .bss           0x20000860        0x1 ..\obj\delay.o
 *fill*         0x20000861        0x1 
 .bss           0x20000862        0x8 ..\obj\main.o
                0x20000862                result_of_conversion
                0x20000864                diode_state
                0x20000865                change_song
                0x20000866                error_state
                0x20000867                random_mode
                0x20000868                pause
                0x20000869                half_second
 .bss           0x2000086a        0x4 ..\obj\spi_sd.o
 *fill*         0x2000086e        0x2 
 .bss           0x20000870        0x4 ..\obj\syscalls.o
 .bss           0x20000874        0x6 ..\obj\ff.o
 *fill*         0x2000087a        0x2 
 .bss.__malloc_current_mallinfo
                0x2000087c       0x28 f:/ac6/systemworkbench/plugins/fr.ac6.mcu.externaltools.arm-none.win32_1.15.0.201708311556/tools/compiler/bin/../lib/gcc/arm-none-eabi/6.3.1/../../../../arm-none-eabi/lib/thumb/v7e-m\libg.a(lib_a-mallocr.o)
                0x2000087c                __malloc_current_mallinfo
 .bss.__malloc_max_sbrked_mem
                0x200008a4        0x4 f:/ac6/systemworkbench/plugins/fr.ac6.mcu.externaltools.arm-none.win32_1.15.0.201708311556/tools/compiler/bin/../lib/gcc/arm-none-eabi/6.3.1/../../../../arm-none-eabi/lib/thumb/v7e-m\libg.a(lib_a-mallocr.o)
                0x200008a4                __malloc_max_sbrked_mem
 .bss.__malloc_max_total_mem
                0x200008a8        0x4 f:/ac6/systemworkbench/plugins/fr.ac6.mcu.externaltools.arm-none.win32_1.15.0.201708311556/tools/compiler/bin/../lib/gcc/arm-none-eabi/6.3.1/../../../../arm-none-eabi/lib/thumb/v7e-m\libg.a(lib_a-mallocr.o)
                0x200008a8                __malloc_max_total_mem
 .bss.__malloc_top_pad
                0x200008ac        0x4 f:/ac6/systemworkbench/plugins/fr.ac6.mcu.externaltools.arm-none.win32_1.15.0.201708311556/tools/compiler/bin/../lib/gcc/arm-none-eabi/6.3.1/../../../../arm-none-eabi/lib/thumb/v7e-m\libg.a(lib_a-mallocr.o)
                0x200008ac                __malloc_top_pad
 *(COMMON)
 COMMON         0x200008b0     0x1458 ..\obj\main.o
                0x200008b0                file
                0x20000ad8                sample_buffer
                0x20001ad8                fatfs
 COMMON         0x20001d08       0x21 f:/ac6/systemworkbench/plugins/fr.ac6.mcu.externaltools.arm-none.win32_1.15.0.201708311556/tools/compiler/bin/../lib/gcc/arm-none-eabi/6.3.1/../../../../arm-none-eabi/lib/thumb/v7e-m\libg.a(lib_a-lock.o)
                0x20001d08                __lock___atexit_recursive_mutex
                0x20001d0c                __lock___arc4random_mutex
                0x20001d10                __lock___env_recursive_mutex
                0x20001d14                __lock___sinit_recursive_mutex
                0x20001d18                __lock___malloc_recursive_mutex
                0x20001d1c                __lock___at_quick_exit_mutex
                0x20001d20                __lock___dd_hash_mutex
                0x20001d24                __lock___tz_mutex
                0x20001d28                __lock___sfp_recursive_mutex
 *fill*         0x20001d29        0x3 
 COMMON         0x20001d2c        0x4 f:/ac6/systemworkbench/plugins/fr.ac6.mcu.externaltools.arm-none.win32_1.15.0.201708311556/tools/compiler/bin/../lib/gcc/arm-none-eabi/6.3.1/../../../../arm-none-eabi/lib/thumb/v7e-m\libg.a(lib_a-reent.o)
                0x20001d2c                errno
                0x20001d30                . = ALIGN (0x4)
                0x20001d30                __bss_end__ = .
                0x20001d30                _ebss = __bss_end__

.heap           0x20001d30        0x0
                0x20001d30                __end__ = .
                0x20001d30                _end = __end__
                0x20001d30                end = __end__
 *(.heap*)
                0x20001d30                __HeapLimit = .

.co_stack       0x20001d30      0x800 load address 0x08008210
                0x20001d30                . = ALIGN (0x8)
 *(.co_stack .co_stack.*)
 .co_stack      0x20001d30      0x800 ..\obj\startup_stm32f4xx.o
                0x20001d30                pulStack
                0x20020000                __StackTop = (ORIGIN (ram) + LENGTH (ram))
                0x2001f800                __StackLimit = (__StackTop - SIZEOF (.co_stack))
                [!provide]                PROVIDE (__stack, __StackTop)
                0x00000001                ASSERT ((__StackLimit >= __HeapLimit), region ram  overflowed with stack)
LOAD ..\obj\stm32f4xx_syscfg.o
LOAD ..\obj\delay.o
LOAD ..\obj\startup_stm32f4xx.o
LOAD ..\obj\main.o
LOAD ..\obj\stm32f4xx_rcc.o
LOAD ..\obj\codec.o
LOAD ..\obj\stm32f4xx_adc.o
LOAD ..\obj\List.o
LOAD ..\obj\spi_sd.o
LOAD ..\obj\stm32f4xx_gpio.o
LOAD ..\obj\system_stm32f4xx.o
LOAD ..\obj\syscalls.o
LOAD ..\obj\stm32f4xx_dma.o
LOAD ..\obj\ff.o
LOAD ..\obj\stm32f4xx_spi.o
LOAD ..\obj\stm32f4xx_i2c.o
LOAD ..\obj\stm32f4xx_rng.o
LOAD ..\obj\stm32f4xx_exti.o
LOAD ..\obj\misc.o
LOAD ..\obj\stm32f4xx_rtc.o
LOAD ..\obj\stm32f4xx_tim.o
START GROUP
LOAD f:/ac6/systemworkbench/plugins/fr.ac6.mcu.externaltools.arm-none.win32_1.15.0.201708311556/tools/compiler/bin/../lib/gcc/arm-none-eabi/6.3.1/thumb/v7e-m\libgcc.a
LOAD f:/ac6/systemworkbench/plugins/fr.ac6.mcu.externaltools.arm-none.win32_1.15.0.201708311556/tools/compiler/bin/../lib/gcc/arm-none-eabi/6.3.1/../../../../arm-none-eabi/lib/thumb/v7e-m\libg.a
LOAD f:/ac6/systemworkbench/plugins/fr.ac6.mcu.externaltools.arm-none.win32_1.15.0.201708311556/tools/compiler/bin/../lib/gcc/arm-none-eabi/6.3.1/../../../../arm-none-eabi/lib/thumb/v7e-m\libc.a
END GROUP
OUTPUT(STMwavPlayerMR.elf elf32-littlearm)

.debug_info     0x00000000     0xc310
 .debug_info    0x00000000      0x27f ..\obj\stm32f4xx_syscfg.o
 .debug_info    0x0000027f      0x1bc ..\obj\delay.o
 .debug_info    0x0000043b      0x10f ..\obj\startup_stm32f4xx.o
 .debug_info    0x0000054a     0x18ff ..\obj\main.o
 .debug_info    0x00001e49      0xc6e ..\obj\stm32f4xx_rcc.o
 .debug_info    0x00002ab7      0x872 ..\obj\codec.o
 .debug_info    0x00003329      0xc4b ..\obj\stm32f4xx_adc.o
 .debug_info    0x00003f74      0x191 ..\obj\List.o
 .debug_info    0x00004105      0xb4e ..\obj\spi_sd.o
 .debug_info    0x00004c53      0x621 ..\obj\stm32f4xx_gpio.o
 .debug_info    0x00005274      0x5cc ..\obj\system_stm32f4xx.o
 .debug_info    0x00005840      0xc94 ..\obj\syscalls.o
 .debug_info    0x000064d4      0x748 ..\obj\stm32f4xx_dma.o
 .debug_info    0x00006c1c     0x192a ..\obj\ff.o
 .debug_info    0x00008546      0xb16 ..\obj\stm32f4xx_spi.o
 .debug_info    0x0000905c      0xb07 ..\obj\stm32f4xx_i2c.o
 .debug_info    0x00009b63      0x292 ..\obj\stm32f4xx_rng.o
 .debug_info    0x00009df5      0x362 ..\obj\stm32f4xx_exti.o
 .debug_info    0x0000a157      0x549 ..\obj\misc.o
 .debug_info    0x0000a6a0     0x1c70 ..\obj\stm32f4xx_tim.o

.debug_abbrev   0x00000000     0x20f4
 .debug_abbrev  0x00000000      0x144 ..\obj\stm32f4xx_syscfg.o
 .debug_abbrev  0x00000144      0x116 ..\obj\delay.o
 .debug_abbrev  0x0000025a       0xbf ..\obj\startup_stm32f4xx.o
 .debug_abbrev  0x00000319      0x34a ..\obj\main.o
 .debug_abbrev  0x00000663      0x1f6 ..\obj\stm32f4xx_rcc.o
 .debug_abbrev  0x00000859      0x218 ..\obj\codec.o
 .debug_abbrev  0x00000a71      0x1a9 ..\obj\stm32f4xx_adc.o
 .debug_abbrev  0x00000c1a       0xd8 ..\obj\List.o
 .debug_abbrev  0x00000cf2      0x2b9 ..\obj\spi_sd.o
 .debug_abbrev  0x00000fab      0x1b6 ..\obj\stm32f4xx_gpio.o
 .debug_abbrev  0x00001161      0x156 ..\obj\system_stm32f4xx.o
 .debug_abbrev  0x000012b7      0x20d ..\obj\syscalls.o
 .debug_abbrev  0x000014c4      0x166 ..\obj\stm32f4xx_dma.o
 .debug_abbrev  0x0000162a      0x1aa ..\obj\ff.o
 .debug_abbrev  0x000017d4      0x178 ..\obj\stm32f4xx_spi.o
 .debug_abbrev  0x0000194c      0x18f ..\obj\stm32f4xx_i2c.o
 .debug_abbrev  0x00001adb      0x157 ..\obj\stm32f4xx_rng.o
 .debug_abbrev  0x00001c32      0x1ba ..\obj\stm32f4xx_exti.o
 .debug_abbrev  0x00001dec      0x170 ..\obj\misc.o
 .debug_abbrev  0x00001f5c      0x198 ..\obj\stm32f4xx_tim.o

.debug_aranges  0x00000000      0xeb8
 .debug_aranges
                0x00000000       0x48 ..\obj\stm32f4xx_syscfg.o
 .debug_aranges
                0x00000048       0x30 ..\obj\delay.o
 .debug_aranges
                0x00000078       0x28 ..\obj\startup_stm32f4xx.o
 .debug_aranges
                0x000000a0       0xd8 ..\obj\main.o
 .debug_aranges
                0x00000178      0x178 ..\obj\stm32f4xx_rcc.o
 .debug_aranges
                0x000002f0       0x60 ..\obj\codec.o
 .debug_aranges
                0x00000350      0x148 ..\obj\stm32f4xx_adc.o
 .debug_aranges
                0x00000498       0x20 ..\obj\List.o
 .debug_aranges
                0x000004b8       0xb8 ..\obj\spi_sd.o
 .debug_aranges
                0x00000570       0x88 ..\obj\stm32f4xx_gpio.o
 .debug_aranges
                0x000005f8       0x30 ..\obj\system_stm32f4xx.o
 .debug_aranges
                0x00000628       0x60 ..\obj\syscalls.o
 .debug_aranges
                0x00000688       0xb0 ..\obj\stm32f4xx_dma.o
 .debug_aranges
                0x00000738      0x198 ..\obj\ff.o
 .debug_aranges
                0x000008d0       0xe0 ..\obj\stm32f4xx_spi.o
 .debug_aranges
                0x000009b0      0x120 ..\obj\stm32f4xx_i2c.o
 .debug_aranges
                0x00000ad0       0x58 ..\obj\stm32f4xx_rng.o
 .debug_aranges
                0x00000b28       0x58 ..\obj\stm32f4xx_exti.o
 .debug_aranges
                0x00000b80       0x40 ..\obj\misc.o
 .debug_aranges
                0x00000bc0      0x2f8 ..\obj\stm32f4xx_tim.o

.debug_ranges   0x00000000      0xd78
 .debug_ranges  0x00000000       0x38 ..\obj\stm32f4xx_syscfg.o
 .debug_ranges  0x00000038       0x20 ..\obj\delay.o
 .debug_ranges  0x00000058       0x18 ..\obj\startup_stm32f4xx.o
 .debug_ranges  0x00000070       0xc8 ..\obj\main.o
 .debug_ranges  0x00000138      0x168 ..\obj\stm32f4xx_rcc.o
 .debug_ranges  0x000002a0       0x50 ..\obj\codec.o
 .debug_ranges  0x000002f0      0x138 ..\obj\stm32f4xx_adc.o
 .debug_ranges  0x00000428       0x10 ..\obj\List.o
 .debug_ranges  0x00000438       0xa8 ..\obj\spi_sd.o
 .debug_ranges  0x000004e0       0x78 ..\obj\stm32f4xx_gpio.o
 .debug_ranges  0x00000558       0x20 ..\obj\system_stm32f4xx.o
 .debug_ranges  0x00000578       0x50 ..\obj\syscalls.o
 .debug_ranges  0x000005c8       0xa0 ..\obj\stm32f4xx_dma.o
 .debug_ranges  0x00000668      0x188 ..\obj\ff.o
 .debug_ranges  0x000007f0       0xd0 ..\obj\stm32f4xx_spi.o
 .debug_ranges  0x000008c0      0x110 ..\obj\stm32f4xx_i2c.o
 .debug_ranges  0x000009d0       0x48 ..\obj\stm32f4xx_rng.o
 .debug_ranges  0x00000a18       0x48 ..\obj\stm32f4xx_exti.o
 .debug_ranges  0x00000a60       0x30 ..\obj\misc.o
 .debug_ranges  0x00000a90      0x2e8 ..\obj\stm32f4xx_tim.o

.debug_line     0x00000000     0x6732
 .debug_line    0x00000000      0x300 ..\obj\stm32f4xx_syscfg.o
 .debug_line    0x00000300      0x2a8 ..\obj\delay.o
 .debug_line    0x000005a8       0xc0 ..\obj\startup_stm32f4xx.o
 .debug_line    0x00000668      0x73a ..\obj\main.o
 .debug_line    0x00000da2      0x6b9 ..\obj\stm32f4xx_rcc.o
 .debug_line    0x0000145b      0x4ea ..\obj\codec.o
 .debug_line    0x00001945      0x671 ..\obj\stm32f4xx_adc.o
 .debug_line    0x00001fb6       0xfd ..\obj\List.o
 .debug_line    0x000020b3      0x736 ..\obj\spi_sd.o
 .debug_line    0x000027e9      0x474 ..\obj\stm32f4xx_gpio.o
 .debug_line    0x00002c5d      0x2b8 ..\obj\system_stm32f4xx.o
 .debug_line    0x00002f15      0x3ab ..\obj\syscalls.o
 .debug_line    0x000032c0      0x53e ..\obj\stm32f4xx_dma.o
 .debug_line    0x000037fe      0xdc6 ..\obj\ff.o
 .debug_line    0x000045c4      0x56d ..\obj\stm32f4xx_spi.o
 .debug_line    0x00004b31      0x5ff ..\obj\stm32f4xx_i2c.o
 .debug_line    0x00005130      0x326 ..\obj\stm32f4xx_rng.o
 .debug_line    0x00005456      0x3b5 ..\obj\stm32f4xx_exti.o
 .debug_line    0x0000580b      0x352 ..\obj\misc.o
 .debug_line    0x00005b5d      0xbd5 ..\obj\stm32f4xx_tim.o

.debug_str      0x00000000     0x47d0
 .debug_str     0x00000000      0x2c5 ..\obj\stm32f4xx_syscfg.o
                                0x323 (size before relaxing)
 .debug_str     0x000002c5       0xa0 ..\obj\delay.o
                                0x20e (size before relaxing)
 .debug_str     0x00000365       0xe1 ..\obj\startup_stm32f4xx.o
                                0x178 (size before relaxing)
 .debug_str     0x00000446     0x11c1 ..\obj\main.o
                               0x13e7 (size before relaxing)
 .debug_str     0x00001607      0x655 ..\obj\stm32f4xx_rcc.o
                                0x87f (size before relaxing)
 .debug_str     0x00001c5c      0x285 ..\obj\codec.o
                                0x62b (size before relaxing)
 .debug_str     0x00001ee1      0x516 ..\obj\stm32f4xx_adc.o
                                0x833 (size before relaxing)
 .debug_str     0x000023f7       0xb7 ..\obj\List.o
                                0x222 (size before relaxing)
 .debug_str     0x000024ae      0x22e ..\obj\spi_sd.o
                                0x6d4 (size before relaxing)
 .debug_str     0x000026dc      0x1b7 ..\obj\stm32f4xx_gpio.o
                                0x4d2 (size before relaxing)
 .debug_str     0x00002893       0xd3 ..\obj\system_stm32f4xx.o
                                0x3c9 (size before relaxing)
 .debug_str     0x00002966      0x536 ..\obj\syscalls.o
                                0x75e (size before relaxing)
 .debug_str     0x00002e9c      0x277 ..\obj\stm32f4xx_dma.o
                                0x571 (size before relaxing)
 .debug_str     0x00003113      0x2b7 ..\obj\ff.o
                                0x63f (size before relaxing)
 .debug_str     0x000033ca      0x2ba ..\obj\stm32f4xx_spi.o
                                0x6b9 (size before relaxing)
 .debug_str     0x00003684      0x35f ..\obj\stm32f4xx_i2c.o
                                0x694 (size before relaxing)
 .debug_str     0x000039e3       0xfe ..\obj\stm32f4xx_rng.o
                                0x2a8 (size before relaxing)
 .debug_str     0x00003ae1      0x11f ..\obj\stm32f4xx_exti.o
                                0x388 (size before relaxing)
 .debug_str     0x00003c00      0x12b ..\obj\misc.o
                                0x3fd (size before relaxing)
 .debug_str     0x00003d2b      0xaa5 ..\obj\stm32f4xx_tim.o
                                0xdff (size before relaxing)

.comment        0x00000000       0x7f
 .comment       0x00000000       0x7f ..\obj\stm32f4xx_syscfg.o
                                 0x80 (size before relaxing)
 .comment       0x0000007f       0x80 ..\obj\delay.o
 .comment       0x0000007f       0x80 ..\obj\startup_stm32f4xx.o
 .comment       0x0000007f       0x80 ..\obj\main.o
 .comment       0x0000007f       0x80 ..\obj\stm32f4xx_rcc.o
 .comment       0x0000007f       0x80 ..\obj\codec.o
 .comment       0x0000007f       0x80 ..\obj\stm32f4xx_adc.o
 .comment       0x0000007f       0x80 ..\obj\List.o
 .comment       0x0000007f       0x80 ..\obj\spi_sd.o
 .comment       0x0000007f       0x80 ..\obj\stm32f4xx_gpio.o
 .comment       0x0000007f       0x80 ..\obj\system_stm32f4xx.o
 .comment       0x0000007f       0x80 ..\obj\syscalls.o
 .comment       0x0000007f       0x80 ..\obj\stm32f4xx_dma.o
 .comment       0x0000007f       0x80 ..\obj\ff.o
 .comment       0x0000007f       0x80 ..\obj\stm32f4xx_spi.o
 .comment       0x0000007f       0x80 ..\obj\stm32f4xx_i2c.o
 .comment       0x0000007f       0x80 ..\obj\stm32f4xx_rng.o
 .comment       0x0000007f       0x80 ..\obj\stm32f4xx_exti.o
 .comment       0x0000007f       0x80 ..\obj\misc.o
 .comment       0x0000007f       0x80 ..\obj\stm32f4xx_tim.o

.ARM.attributes
                0x00000000       0x33
 .ARM.attributes
                0x00000000       0x33 ..\obj\stm32f4xx_syscfg.o
 .ARM.attributes
                0x00000033       0x33 ..\obj\delay.o
 .ARM.attributes
                0x00000066       0x33 ..\obj\startup_stm32f4xx.o
 .ARM.attributes
                0x00000099       0x33 ..\obj\main.o
 .ARM.attributes
                0x000000cc       0x33 ..\obj\stm32f4xx_rcc.o
 .ARM.attributes
                0x000000ff       0x33 ..\obj\codec.o
 .ARM.attributes
                0x00000132       0x33 ..\obj\stm32f4xx_adc.o
 .ARM.attributes
                0x00000165       0x33 ..\obj\List.o
 .ARM.attributes
                0x00000198       0x33 ..\obj\spi_sd.o
 .ARM.attributes
                0x000001cb       0x33 ..\obj\stm32f4xx_gpio.o
 .ARM.attributes
                0x000001fe       0x33 ..\obj\system_stm32f4xx.o
 .ARM.attributes
                0x00000231       0x33 ..\obj\syscalls.o
 .ARM.attributes
                0x00000264       0x33 ..\obj\stm32f4xx_dma.o
 .ARM.attributes
                0x00000297       0x33 ..\obj\ff.o
 .ARM.attributes
                0x000002ca       0x33 ..\obj\stm32f4xx_spi.o
 .ARM.attributes
                0x000002fd       0x33 ..\obj\stm32f4xx_i2c.o
 .ARM.attributes
                0x00000330       0x33 ..\obj\stm32f4xx_rng.o
 .ARM.attributes
                0x00000363       0x33 ..\obj\stm32f4xx_exti.o
 .ARM.attributes
                0x00000396       0x33 ..\obj\misc.o
 .ARM.attributes
                0x000003c9       0x33 ..\obj\stm32f4xx_tim.o
 .ARM.attributes
                0x000003fc       0x2e f:/ac6/systemworkbench/plugins/fr.ac6.mcu.externaltools.arm-none.win32_1.15.0.201708311556/tools/compiler/bin/../lib/gcc/arm-none-eabi/6.3.1/../../../../arm-none-eabi/lib/thumb/v7e-m\libg.a(lib_a-malloc.o)
 .ARM.attributes
                0x0000042a       0x2e f:/ac6/systemworkbench/plugins/fr.ac6.mcu.externaltools.arm-none.win32_1.15.0.201708311556/tools/compiler/bin/../lib/gcc/arm-none-eabi/6.3.1/../../../../arm-none-eabi/lib/thumb/v7e-m\libg.a(lib_a-mallocr.o)
 .ARM.attributes
                0x00000458       0x2e f:/ac6/systemworkbench/plugins/fr.ac6.mcu.externaltools.arm-none.win32_1.15.0.201708311556/tools/compiler/bin/../lib/gcc/arm-none-eabi/6.3.1/../../../../arm-none-eabi/lib/thumb/v7e-m\libg.a(lib_a-mlock.o)
 .ARM.attributes
                0x00000486       0x2e f:/ac6/systemworkbench/plugins/fr.ac6.mcu.externaltools.arm-none.win32_1.15.0.201708311556/tools/compiler/bin/../lib/gcc/arm-none-eabi/6.3.1/../../../../arm-none-eabi/lib/thumb/v7e-m\libg.a(lib_a-sbrkr.o)
 .ARM.attributes
                0x000004b4       0x2e f:/ac6/systemworkbench/plugins/fr.ac6.mcu.externaltools.arm-none.win32_1.15.0.201708311556/tools/compiler/bin/../lib/gcc/arm-none-eabi/6.3.1/../../../../arm-none-eabi/lib/thumb/v7e-m\libg.a(lib_a-freer.o)
 .ARM.attributes
                0x000004e2       0x2e f:/ac6/systemworkbench/plugins/fr.ac6.mcu.externaltools.arm-none.win32_1.15.0.201708311556/tools/compiler/bin/../lib/gcc/arm-none-eabi/6.3.1/../../../../arm-none-eabi/lib/thumb/v7e-m\libg.a(lib_a-impure.o)
 .ARM.attributes
                0x00000510       0x2e f:/ac6/systemworkbench/plugins/fr.ac6.mcu.externaltools.arm-none.win32_1.15.0.201708311556/tools/compiler/bin/../lib/gcc/arm-none-eabi/6.3.1/../../../../arm-none-eabi/lib/thumb/v7e-m\libg.a(lib_a-lock.o)
 .ARM.attributes
                0x0000053e       0x2e f:/ac6/systemworkbench/plugins/fr.ac6.mcu.externaltools.arm-none.win32_1.15.0.201708311556/tools/compiler/bin/../lib/gcc/arm-none-eabi/6.3.1/../../../../arm-none-eabi/lib/thumb/v7e-m\libg.a(lib_a-reent.o)

.debug_frame    0x00000000     0x41a8
 .debug_frame   0x00000000       0xf4 ..\obj\stm32f4xx_syscfg.o
 .debug_frame   0x000000f4       0x84 ..\obj\delay.o
 .debug_frame   0x00000178       0x4c ..\obj\startup_stm32f4xx.o
 .debug_frame   0x000001c4      0x340 ..\obj\main.o
 .debug_frame   0x00000504      0x6d4 ..\obj\stm32f4xx_rcc.o
 .debug_frame   0x00000bd8      0x148 ..\obj\codec.o
 .debug_frame   0x00000d20      0x5ec ..\obj\stm32f4xx_adc.o
 .debug_frame   0x0000130c       0x44 ..\obj\List.o
 .debug_frame   0x00001350      0x2e4 ..\obj\spi_sd.o
 .debug_frame   0x00001634      0x23c ..\obj\stm32f4xx_gpio.o
 .debug_frame   0x00001870       0x7c ..\obj\system_stm32f4xx.o
 .debug_frame   0x000018ec      0x168 ..\obj\syscalls.o
 .debug_frame   0x00001a54      0x308 ..\obj\stm32f4xx_dma.o
 .debug_frame   0x00001d5c      0x718 ..\obj\ff.o
 .debug_frame   0x00002474      0x3f4 ..\obj\stm32f4xx_spi.o
 .debug_frame   0x00002868      0x530 ..\obj\stm32f4xx_i2c.o
 .debug_frame   0x00002d98      0x13c ..\obj\stm32f4xx_rng.o
 .debug_frame   0x00002ed4      0x148 ..\obj\stm32f4xx_exti.o
 .debug_frame   0x0000301c       0xd8 ..\obj\misc.o
 .debug_frame   0x000030f4      0xe54 ..\obj\stm32f4xx_tim.o
 .debug_frame   0x00003f48       0x30 f:/ac6/systemworkbench/plugins/fr.ac6.mcu.externaltools.arm-none.win32_1.15.0.201708311556/tools/compiler/bin/../lib/gcc/arm-none-eabi/6.3.1/../../../../arm-none-eabi/lib/thumb/v7e-m\libg.a(lib_a-malloc.o)
 .debug_frame   0x00003f78       0x58 f:/ac6/systemworkbench/plugins/fr.ac6.mcu.externaltools.arm-none.win32_1.15.0.201708311556/tools/compiler/bin/../lib/gcc/arm-none-eabi/6.3.1/../../../../arm-none-eabi/lib/thumb/v7e-m\libg.a(lib_a-mallocr.o)
 .debug_frame   0x00003fd0       0x30 f:/ac6/systemworkbench/plugins/fr.ac6.mcu.externaltools.arm-none.win32_1.15.0.201708311556/tools/compiler/bin/../lib/gcc/arm-none-eabi/6.3.1/../../../../arm-none-eabi/lib/thumb/v7e-m\libg.a(lib_a-mlock.o)
 .debug_frame   0x00004000       0x2c f:/ac6/systemworkbench/plugins/fr.ac6.mcu.externaltools.arm-none.win32_1.15.0.201708311556/tools/compiler/bin/../lib/gcc/arm-none-eabi/6.3.1/../../../../arm-none-eabi/lib/thumb/v7e-m\libg.a(lib_a-sbrkr.o)
 .debug_frame   0x0000402c       0x74 f:/ac6/systemworkbench/plugins/fr.ac6.mcu.externaltools.arm-none.win32_1.15.0.201708311556/tools/compiler/bin/../lib/gcc/arm-none-eabi/6.3.1/../../../../arm-none-eabi/lib/thumb/v7e-m\libg.a(lib_a-freer.o)
 .debug_frame   0x000040a0       0xb0 f:/ac6/systemworkbench/plugins/fr.ac6.mcu.externaltools.arm-none.win32_1.15.0.201708311556/tools/compiler/bin/../lib/gcc/arm-none-eabi/6.3.1/../../../../arm-none-eabi/lib/thumb/v7e-m\libg.a(lib_a-lock.o)
 .debug_frame   0x00004150       0x58 f:/ac6/systemworkbench/plugins/fr.ac6.mcu.externaltools.arm-none.win32_1.15.0.201708311556/tools/compiler/bin/../lib/gcc/arm-none-eabi/6.3.1/../../../../arm-none-eabi/lib/thumb/v7e-m\libg.a(lib_a-reent.o)
