Archive member included to satisfy reference by file (symbol)

c:/program files (x86)/gnu tools arm embedded/7 2017-q4-major/bin/../lib/gcc/arm-none-eabi/7.2.1/../../../../arm-none-eabi/lib/thumb/v7e-m\libg.a(lib_a-malloc.o)
                              ..\obj\List.o (malloc)
c:/program files (x86)/gnu tools arm embedded/7 2017-q4-major/bin/../lib/gcc/arm-none-eabi/7.2.1/../../../../arm-none-eabi/lib/thumb/v7e-m\libg.a(lib_a-mallocr.o)
                              c:/program files (x86)/gnu tools arm embedded/7 2017-q4-major/bin/../lib/gcc/arm-none-eabi/7.2.1/../../../../arm-none-eabi/lib/thumb/v7e-m\libg.a(lib_a-malloc.o) (_malloc_r)
c:/program files (x86)/gnu tools arm embedded/7 2017-q4-major/bin/../lib/gcc/arm-none-eabi/7.2.1/../../../../arm-none-eabi/lib/thumb/v7e-m\libg.a(lib_a-mlock.o)
                              c:/program files (x86)/gnu tools arm embedded/7 2017-q4-major/bin/../lib/gcc/arm-none-eabi/7.2.1/../../../../arm-none-eabi/lib/thumb/v7e-m\libg.a(lib_a-mallocr.o) (__malloc_lock)
c:/program files (x86)/gnu tools arm embedded/7 2017-q4-major/bin/../lib/gcc/arm-none-eabi/7.2.1/../../../../arm-none-eabi/lib/thumb/v7e-m\libg.a(lib_a-sbrkr.o)
                              c:/program files (x86)/gnu tools arm embedded/7 2017-q4-major/bin/../lib/gcc/arm-none-eabi/7.2.1/../../../../arm-none-eabi/lib/thumb/v7e-m\libg.a(lib_a-mallocr.o) (_sbrk_r)
c:/program files (x86)/gnu tools arm embedded/7 2017-q4-major/bin/../lib/gcc/arm-none-eabi/7.2.1/../../../../arm-none-eabi/lib/thumb/v7e-m\libg.a(lib_a-freer.o)
                              c:/program files (x86)/gnu tools arm embedded/7 2017-q4-major/bin/../lib/gcc/arm-none-eabi/7.2.1/../../../../arm-none-eabi/lib/thumb/v7e-m\libg.a(lib_a-malloc.o) (_free_r)
c:/program files (x86)/gnu tools arm embedded/7 2017-q4-major/bin/../lib/gcc/arm-none-eabi/7.2.1/../../../../arm-none-eabi/lib/thumb/v7e-m\libg.a(lib_a-impure.o)
                              c:/program files (x86)/gnu tools arm embedded/7 2017-q4-major/bin/../lib/gcc/arm-none-eabi/7.2.1/../../../../arm-none-eabi/lib/thumb/v7e-m\libg.a(lib_a-malloc.o) (_impure_ptr)
c:/program files (x86)/gnu tools arm embedded/7 2017-q4-major/bin/../lib/gcc/arm-none-eabi/7.2.1/../../../../arm-none-eabi/lib/thumb/v7e-m\libg.a(lib_a-lock.o)
                              c:/program files (x86)/gnu tools arm embedded/7 2017-q4-major/bin/../lib/gcc/arm-none-eabi/7.2.1/../../../../arm-none-eabi/lib/thumb/v7e-m\libg.a(lib_a-mlock.o) (__retarget_lock_acquire_recursive)
c:/program files (x86)/gnu tools arm embedded/7 2017-q4-major/bin/../lib/gcc/arm-none-eabi/7.2.1/../../../../arm-none-eabi/lib/thumb/v7e-m\libg.a(lib_a-reent.o)
                              c:/program files (x86)/gnu tools arm embedded/7 2017-q4-major/bin/../lib/gcc/arm-none-eabi/7.2.1/../../../../arm-none-eabi/lib/thumb/v7e-m\libg.a(lib_a-sbrkr.o) (errno)

Allocating common symbols
Common symbol       size              file

__lock___atexit_recursive_mutex
                    0x1               c:/program files (x86)/gnu tools arm embedded/7 2017-q4-major/bin/../lib/gcc/arm-none-eabi/7.2.1/../../../../arm-none-eabi/lib/thumb/v7e-m\libg.a(lib_a-lock.o)
__lock___arc4random_mutex
                    0x1               c:/program files (x86)/gnu tools arm embedded/7 2017-q4-major/bin/../lib/gcc/arm-none-eabi/7.2.1/../../../../arm-none-eabi/lib/thumb/v7e-m\libg.a(lib_a-lock.o)
errno               0x4               c:/program files (x86)/gnu tools arm embedded/7 2017-q4-major/bin/../lib/gcc/arm-none-eabi/7.2.1/../../../../arm-none-eabi/lib/thumb/v7e-m\libg.a(lib_a-reent.o)
__lock___env_recursive_mutex
                    0x1               c:/program files (x86)/gnu tools arm embedded/7 2017-q4-major/bin/../lib/gcc/arm-none-eabi/7.2.1/../../../../arm-none-eabi/lib/thumb/v7e-m\libg.a(lib_a-lock.o)
__lock___sinit_recursive_mutex
                    0x1               c:/program files (x86)/gnu tools arm embedded/7 2017-q4-major/bin/../lib/gcc/arm-none-eabi/7.2.1/../../../../arm-none-eabi/lib/thumb/v7e-m\libg.a(lib_a-lock.o)
__lock___malloc_recursive_mutex
                    0x1               c:/program files (x86)/gnu tools arm embedded/7 2017-q4-major/bin/../lib/gcc/arm-none-eabi/7.2.1/../../../../arm-none-eabi/lib/thumb/v7e-m\libg.a(lib_a-lock.o)
file                0x228             ..\obj\main.o
sample_buffer       0x1000            ..\obj\main.o
__lock___at_quick_exit_mutex
                    0x1               c:/program files (x86)/gnu tools arm embedded/7 2017-q4-major/bin/../lib/gcc/arm-none-eabi/7.2.1/../../../../arm-none-eabi/lib/thumb/v7e-m\libg.a(lib_a-lock.o)
__lock___dd_hash_mutex
                    0x1               c:/program files (x86)/gnu tools arm embedded/7 2017-q4-major/bin/../lib/gcc/arm-none-eabi/7.2.1/../../../../arm-none-eabi/lib/thumb/v7e-m\libg.a(lib_a-lock.o)
__lock___tz_mutex   0x1               c:/program files (x86)/gnu tools arm embedded/7 2017-q4-major/bin/../lib/gcc/arm-none-eabi/7.2.1/../../../../arm-none-eabi/lib/thumb/v7e-m\libg.a(lib_a-lock.o)
fatfs               0x230             ..\obj\main.o
__lock___sfp_recursive_mutex
                    0x1               c:/program files (x86)/gnu tools arm embedded/7 2017-q4-major/bin/../lib/gcc/arm-none-eabi/7.2.1/../../../../arm-none-eabi/lib/thumb/v7e-m\libg.a(lib_a-lock.o)

Discarded input sections

 .text          0x00000000        0x0 ..\obj\stm32f4xx_syscfg.o
 .data          0x00000000        0x0 ..\obj\stm32f4xx_syscfg.o
 .bss           0x00000000        0x0 ..\obj\stm32f4xx_syscfg.o
 .text.SYSCFG_DeInit
                0x00000000       0x1c ..\obj\stm32f4xx_syscfg.o
 .text.SYSCFG_MemoryRemapConfig
                0x00000000       0x20 ..\obj\stm32f4xx_syscfg.o
 .text.SYSCFG_ETH_MediaInterfaceConfig
                0x00000000       0x1c ..\obj\stm32f4xx_syscfg.o
 .text.SYSCFG_CompensationCellCmd
                0x00000000       0x20 ..\obj\stm32f4xx_syscfg.o
 .text.SYSCFG_GetCompensationCellStatus
                0x00000000       0x30 ..\obj\stm32f4xx_syscfg.o
 .text          0x00000000        0x0 ..\obj\delay.o
 .data          0x00000000        0x0 ..\obj\delay.o
 .text          0x00000000        0x0 ..\obj\startup_stm32f4xx.o
 .data          0x00000000        0x0 ..\obj\startup_stm32f4xx.o
 .bss           0x00000000        0x0 ..\obj\startup_stm32f4xx.o
 .text          0x00000000        0x0 ..\obj\main.o
 .text          0x00000000        0x0 ..\obj\stm32f4xx_rcc.o
 .bss           0x00000000        0x0 ..\obj\stm32f4xx_rcc.o
 .text.RCC_DeInit
                0x00000000       0x50 ..\obj\stm32f4xx_rcc.o
 .text.RCC_HSEConfig
                0x00000000       0x24 ..\obj\stm32f4xx_rcc.o
 .text.RCC_WaitForHSEStartUp
                0x00000000       0x50 ..\obj\stm32f4xx_rcc.o
 .text.RCC_AdjustHSICalibrationValue
                0x00000000       0x3c ..\obj\stm32f4xx_rcc.o
 .text.RCC_HSICmd
                0x00000000       0x20 ..\obj\stm32f4xx_rcc.o
 .text.RCC_LSEConfig
                0x00000000       0x40 ..\obj\stm32f4xx_rcc.o
 .text.RCC_LSICmd
                0x00000000       0x20 ..\obj\stm32f4xx_rcc.o
 .text.RCC_PLLConfig
                0x00000000       0x3c ..\obj\stm32f4xx_rcc.o
 .text.RCC_PLLCmd
                0x00000000       0x20 ..\obj\stm32f4xx_rcc.o
 .text.RCC_PLLI2SConfig
                0x00000000       0x28 ..\obj\stm32f4xx_rcc.o
 .text.RCC_ClockSecuritySystemCmd
                0x00000000       0x20 ..\obj\stm32f4xx_rcc.o
 .text.RCC_MCO1Config
                0x00000000       0x3c ..\obj\stm32f4xx_rcc.o
 .text.RCC_MCO2Config
                0x00000000       0x3c ..\obj\stm32f4xx_rcc.o
 .text.RCC_SYSCLKConfig
                0x00000000       0x38 ..\obj\stm32f4xx_rcc.o
 .text.RCC_GetSYSCLKSource
                0x00000000       0x1c ..\obj\stm32f4xx_rcc.o
 .text.RCC_HCLKConfig
                0x00000000       0x38 ..\obj\stm32f4xx_rcc.o
 .text.RCC_PCLK1Config
                0x00000000       0x38 ..\obj\stm32f4xx_rcc.o
 .text.RCC_PCLK2Config
                0x00000000       0x38 ..\obj\stm32f4xx_rcc.o
 .text.RCC_RTCCLKConfig
                0x00000000       0x5c ..\obj\stm32f4xx_rcc.o
 .text.RCC_RTCCLKCmd
                0x00000000       0x20 ..\obj\stm32f4xx_rcc.o
 .text.RCC_BackupResetCmd
                0x00000000       0x20 ..\obj\stm32f4xx_rcc.o
 .text.RCC_I2SCLKConfig
                0x00000000       0x1c ..\obj\stm32f4xx_rcc.o
 .text.RCC_AHB3PeriphClockCmd
                0x00000000       0x3c ..\obj\stm32f4xx_rcc.o
 .text.RCC_AHB1PeriphResetCmd
                0x00000000       0x3c ..\obj\stm32f4xx_rcc.o
 .text.RCC_AHB2PeriphResetCmd
                0x00000000       0x3c ..\obj\stm32f4xx_rcc.o
 .text.RCC_AHB3PeriphResetCmd
                0x00000000       0x3c ..\obj\stm32f4xx_rcc.o
 .text.RCC_AHB1PeriphClockLPModeCmd
                0x00000000       0x3c ..\obj\stm32f4xx_rcc.o
 .text.RCC_AHB2PeriphClockLPModeCmd
                0x00000000       0x3c ..\obj\stm32f4xx_rcc.o
 .text.RCC_AHB3PeriphClockLPModeCmd
                0x00000000       0x3c ..\obj\stm32f4xx_rcc.o
 .text.RCC_APB1PeriphClockLPModeCmd
                0x00000000       0x3c ..\obj\stm32f4xx_rcc.o
 .text.RCC_APB2PeriphClockLPModeCmd
                0x00000000       0x3c ..\obj\stm32f4xx_rcc.o
 .text.RCC_ITConfig
                0x00000000       0x4c ..\obj\stm32f4xx_rcc.o
 .text.RCC_GetFlagStatus
                0x00000000       0x74 ..\obj\stm32f4xx_rcc.o
 .text.RCC_ClearFlag
                0x00000000       0x1c ..\obj\stm32f4xx_rcc.o
 .text.RCC_GetITStatus
                0x00000000       0x34 ..\obj\stm32f4xx_rcc.o
 .text.RCC_ClearITPendingBit
                0x00000000       0x20 ..\obj\stm32f4xx_rcc.o
 .text          0x00000000        0x0 ..\obj\codec.o
 .bss           0x00000000        0x0 ..\obj\codec.o
 .text.Codec_PauseResume
                0x00000000       0x34 ..\obj\codec.o
 .text.Codec_Mute
                0x00000000       0x28 ..\obj\codec.o
 .text          0x00000000        0x0 ..\obj\stm32f4xx_adc.o
 .data          0x00000000        0x0 ..\obj\stm32f4xx_adc.o
 .bss           0x00000000        0x0 ..\obj\stm32f4xx_adc.o
 .text.ADC_DeInit
                0x00000000       0x1c ..\obj\stm32f4xx_adc.o
 .text.ADC_StructInit
                0x00000000       0x3c ..\obj\stm32f4xx_adc.o
 .text.ADC_CommonStructInit
                0x00000000       0x2a ..\obj\stm32f4xx_adc.o
 .text.ADC_AnalogWatchdogCmd
                0x00000000       0x38 ..\obj\stm32f4xx_adc.o
 .text.ADC_AnalogWatchdogThresholdsConfig
                0x00000000       0x26 ..\obj\stm32f4xx_adc.o
 .text.ADC_AnalogWatchdogSingleChannelConfig
                0x00000000       0x36 ..\obj\stm32f4xx_adc.o
 .text.ADC_TempSensorVrefintCmd
                0x00000000       0x38 ..\obj\stm32f4xx_adc.o
 .text.ADC_VBATCmd
                0x00000000       0x38 ..\obj\stm32f4xx_adc.o
 .text.ADC_GetSoftwareStartConvStatus
                0x00000000       0x2e ..\obj\stm32f4xx_adc.o
 .text.ADC_EOCOnEachRegularChannelCmd
                0x00000000       0x36 ..\obj\stm32f4xx_adc.o
 .text.ADC_ContinuousModeCmd
                0x00000000       0x36 ..\obj\stm32f4xx_adc.o
 .text.ADC_DiscModeChannelCountConfig
                0x00000000       0x42 ..\obj\stm32f4xx_adc.o
 .text.ADC_DiscModeCmd
                0x00000000       0x36 ..\obj\stm32f4xx_adc.o
 .text.ADC_GetMultiModeConversionValue
                0x00000000       0x14 ..\obj\stm32f4xx_adc.o
 .text.ADC_DMACmd
                0x00000000       0x36 ..\obj\stm32f4xx_adc.o
 .text.ADC_DMARequestAfterLastTransferCmd
                0x00000000       0x36 ..\obj\stm32f4xx_adc.o
 .text.ADC_MultiModeDMARequestAfterLastTransferCmd
                0x00000000       0x38 ..\obj\stm32f4xx_adc.o
 .text.ADC_InjectedChannelConfig
                0x00000000      0x120 ..\obj\stm32f4xx_adc.o
 .text.ADC_InjectedSequencerLengthConfig
                0x00000000       0x42 ..\obj\stm32f4xx_adc.o
 .text.ADC_SetInjectedOffset
                0x00000000       0x32 ..\obj\stm32f4xx_adc.o
 .text.ADC_ExternalTrigInjectedConvConfig
                0x00000000       0x34 ..\obj\stm32f4xx_adc.o
 .text.ADC_ExternalTrigInjectedConvEdgeConfig
                0x00000000       0x34 ..\obj\stm32f4xx_adc.o
 .text.ADC_SoftwareStartInjectedConv
                0x00000000       0x1e ..\obj\stm32f4xx_adc.o
 .text.ADC_GetSoftwareStartInjectedConvCmdStatus
                0x00000000       0x2e ..\obj\stm32f4xx_adc.o
 .text.ADC_AutoInjectedConvCmd
                0x00000000       0x36 ..\obj\stm32f4xx_adc.o
 .text.ADC_InjectedDiscModeCmd
                0x00000000       0x36 ..\obj\stm32f4xx_adc.o
 .text.ADC_GetInjectedConversionValue
                0x00000000       0x2e ..\obj\stm32f4xx_adc.o
 .text.ADC_ITConfig
                0x00000000       0x50 ..\obj\stm32f4xx_adc.o
 .text.ADC_ClearFlag
                0x00000000       0x1e ..\obj\stm32f4xx_adc.o
 .text.ADC_GetITStatus
                0x00000000       0x5a ..\obj\stm32f4xx_adc.o
 .text.ADC_ClearITPendingBit
                0x00000000       0x2a ..\obj\stm32f4xx_adc.o
 .text          0x00000000        0x0 ..\obj\List.o
 .data          0x00000000        0x0 ..\obj\List.o
 .bss           0x00000000        0x0 ..\obj\List.o
 .text          0x00000000        0x0 ..\obj\spi_sd.o
 .text          0x00000000        0x0 ..\obj\stm32f4xx_gpio.o
 .data          0x00000000        0x0 ..\obj\stm32f4xx_gpio.o
 .bss           0x00000000        0x0 ..\obj\stm32f4xx_gpio.o
 .text.GPIO_DeInit
                0x00000000      0x120 ..\obj\stm32f4xx_gpio.o
 .text.GPIO_PinLockConfig
                0x00000000       0x42 ..\obj\stm32f4xx_gpio.o
 .text.GPIO_ReadInputDataBit
                0x00000000       0x32 ..\obj\stm32f4xx_gpio.o
 .text.GPIO_ReadInputData
                0x00000000       0x18 ..\obj\stm32f4xx_gpio.o
 .text.GPIO_ReadOutputDataBit
                0x00000000       0x32 ..\obj\stm32f4xx_gpio.o
 .text.GPIO_ReadOutputData
                0x00000000       0x18 ..\obj\stm32f4xx_gpio.o
 .text.GPIO_WriteBit
                0x00000000       0x2e ..\obj\stm32f4xx_gpio.o
 .text.GPIO_Write
                0x00000000       0x1c ..\obj\stm32f4xx_gpio.o
 .text.GPIO_ToggleBits
                0x00000000       0x22 ..\obj\stm32f4xx_gpio.o
 .text          0x00000000        0x0 ..\obj\system_stm32f4xx.o
 .data          0x00000000       0x14 ..\obj\system_stm32f4xx.o
 .bss           0x00000000        0x0 ..\obj\system_stm32f4xx.o
 .text.SystemCoreClockUpdate
                0x00000000       0xf4 ..\obj\system_stm32f4xx.o
 .text          0x00000000        0x0 ..\obj\syscalls.o
 .data          0x00000000        0x0 ..\obj\syscalls.o
 .text.link     0x00000000       0x18 ..\obj\syscalls.o
 .text._close   0x00000000       0x16 ..\obj\syscalls.o
 .text._fstat   0x00000000       0x1e ..\obj\syscalls.o
 .text._isatty  0x00000000       0x14 ..\obj\syscalls.o
 .text._lseek   0x00000000       0x18 ..\obj\syscalls.o
 .text._read    0x00000000       0x18 ..\obj\syscalls.o
 .text._write   0x00000000       0x18 ..\obj\syscalls.o
 .text.abort    0x00000000        0x6 ..\obj\syscalls.o
 .text          0x00000000        0x0 ..\obj\stm32f4xx_dma.o
 .data          0x00000000        0x0 ..\obj\stm32f4xx_dma.o
 .bss           0x00000000        0x0 ..\obj\stm32f4xx_dma.o
 .text.DMA_StructInit
                0x00000000       0x6c ..\obj\stm32f4xx_dma.o
 .text.DMA_PeriphIncOffsetSizeConfig
                0x00000000       0x34 ..\obj\stm32f4xx_dma.o
 .text.DMA_FlowControllerConfig
                0x00000000       0x34 ..\obj\stm32f4xx_dma.o
 .text.DMA_SetCurrDataCounter
                0x00000000       0x1c ..\obj\stm32f4xx_dma.o
 .text.DMA_GetCurrDataCounter
                0x00000000       0x18 ..\obj\stm32f4xx_dma.o
 .text.DMA_DoubleBufferModeConfig
                0x00000000       0x3c ..\obj\stm32f4xx_dma.o
 .text.DMA_DoubleBufferModeCmd
                0x00000000       0x36 ..\obj\stm32f4xx_dma.o
 .text.DMA_MemoryTargetConfig
                0x00000000       0x2a ..\obj\stm32f4xx_dma.o
 .text.DMA_GetCurrentMemoryTarget
                0x00000000       0x2e ..\obj\stm32f4xx_dma.o
 .text.DMA_GetCmdStatus
                0x00000000       0x2e ..\obj\stm32f4xx_dma.o
 .text.DMA_GetFIFOStatus
                0x00000000       0x22 ..\obj\stm32f4xx_dma.o
 .text.DMA_ITConfig
                0x00000000       0x72 ..\obj\stm32f4xx_dma.o
 .text.DMA_GetITStatus
                0x00000000       0xac ..\obj\stm32f4xx_dma.o
 .text.DMA_ClearITPendingBit
                0x00000000       0x5c ..\obj\stm32f4xx_dma.o
 .text          0x00000000        0x0 ..\obj\ff.o
 .data          0x00000000        0x0 ..\obj\ff.o
 .text.dir_remove
                0x00000000       0x3c ..\obj\ff.o
 .text.f_write  0x00000000      0x2d2 ..\obj\ff.o
 .text.f_closedir
                0x00000000       0x2e ..\obj\ff.o
 .text.f_stat   0x00000000       0x7a ..\obj\ff.o
 .text.f_getfree
                0x00000000      0x16a ..\obj\ff.o
 .text.f_truncate
                0x00000000      0x128 ..\obj\ff.o
 .text.f_unlink
                0x00000000      0x144 ..\obj\ff.o
 .text.f_mkdir  0x00000000      0x20c ..\obj\ff.o
 .text.f_rename
                0x00000000      0x1c6 ..\obj\ff.o
 .text          0x00000000        0x0 ..\obj\stm32f4xx_spi.o
 .data          0x00000000        0x0 ..\obj\stm32f4xx_spi.o
 .bss           0x00000000        0x0 ..\obj\stm32f4xx_spi.o
 .text.SPI_StructInit
                0x00000000       0x48 ..\obj\stm32f4xx_spi.o
 .text.I2S_StructInit
                0x00000000       0x36 ..\obj\stm32f4xx_spi.o
 .text.SPI_DataSizeConfig
                0x00000000       0x36 ..\obj\stm32f4xx_spi.o
 .text.SPI_BiDirectionalLineConfig
                0x00000000       0x40 ..\obj\stm32f4xx_spi.o
 .text.SPI_NSSInternalSoftwareConfig
                0x00000000       0x42 ..\obj\stm32f4xx_spi.o
 .text.SPI_SSOutputCmd
                0x00000000       0x3e ..\obj\stm32f4xx_spi.o
 .text.SPI_TIModeCmd
                0x00000000       0x3e ..\obj\stm32f4xx_spi.o
 .text.I2S_FullDuplexConfig
                0x00000000       0x9a ..\obj\stm32f4xx_spi.o
 .text.SPI_I2S_ReceiveData
                0x00000000       0x18 ..\obj\stm32f4xx_spi.o
 .text.SPI_I2S_SendData
                0x00000000       0x1c ..\obj\stm32f4xx_spi.o
 .text.SPI_TransmitCRC
                0x00000000       0x22 ..\obj\stm32f4xx_spi.o
 .text.SPI_GetCRC
                0x00000000       0x30 ..\obj\stm32f4xx_spi.o
 .text.SPI_GetCRCPolynomial
                0x00000000       0x18 ..\obj\stm32f4xx_spi.o
 .text.SPI_I2S_ITConfig
                0x00000000       0x60 ..\obj\stm32f4xx_spi.o
 .text.SPI_I2S_GetFlagStatus
                0x00000000       0x36 ..\obj\stm32f4xx_spi.o
 .text.SPI_I2S_ClearFlag
                0x00000000       0x20 ..\obj\stm32f4xx_spi.o
 .text.SPI_I2S_GetITStatus
                0x00000000       0x74 ..\obj\stm32f4xx_spi.o
 .text.SPI_I2S_ClearITPendingBit
                0x00000000       0x32 ..\obj\stm32f4xx_spi.o
 .text          0x00000000        0x0 ..\obj\stm32f4xx_i2c.o
 .data          0x00000000        0x0 ..\obj\stm32f4xx_i2c.o
 .bss           0x00000000        0x0 ..\obj\stm32f4xx_i2c.o
 .text.I2C_StructInit
                0x00000000       0x3c ..\obj\stm32f4xx_i2c.o
 .text.I2C_OwnAddress2Config
                0x00000000       0x42 ..\obj\stm32f4xx_i2c.o
 .text.I2C_DualAddressCmd
                0x00000000       0x3e ..\obj\stm32f4xx_i2c.o
 .text.I2C_GeneralCallCmd
                0x00000000       0x3e ..\obj\stm32f4xx_i2c.o
 .text.I2C_SoftwareResetCmd
                0x00000000       0x42 ..\obj\stm32f4xx_i2c.o
 .text.I2C_StretchClockCmd
                0x00000000       0x3e ..\obj\stm32f4xx_i2c.o
 .text.I2C_FastModeDutyCycleConfig
                0x00000000       0x40 ..\obj\stm32f4xx_i2c.o
 .text.I2C_NACKPositionConfig
                0x00000000       0x40 ..\obj\stm32f4xx_i2c.o
 .text.I2C_SMBusAlertConfig
                0x00000000       0x40 ..\obj\stm32f4xx_i2c.o
 .text.I2C_ARPCmd
                0x00000000       0x3e ..\obj\stm32f4xx_i2c.o
 .text.I2C_TransmitPEC
                0x00000000       0x3e ..\obj\stm32f4xx_i2c.o
 .text.I2C_PECPositionConfig
                0x00000000       0x40 ..\obj\stm32f4xx_i2c.o
 .text.I2C_CalculatePEC
                0x00000000       0x3e ..\obj\stm32f4xx_i2c.o
 .text.I2C_GetPEC
                0x00000000       0x1e ..\obj\stm32f4xx_i2c.o
 .text.I2C_DMACmd
                0x00000000       0x3e ..\obj\stm32f4xx_i2c.o
 .text.I2C_DMALastTransferCmd
                0x00000000       0x3e ..\obj\stm32f4xx_i2c.o
 .text.I2C_ReadRegister
                0x00000000       0x2c ..\obj\stm32f4xx_i2c.o
 .text.I2C_ITConfig
                0x00000000       0x46 ..\obj\stm32f4xx_i2c.o
 .text.I2C_GetLastEvent
                0x00000000       0x42 ..\obj\stm32f4xx_i2c.o
 .text.I2C_ClearFlag
                0x00000000       0x2c ..\obj\stm32f4xx_i2c.o
 .text.I2C_GetITStatus
                0x00000000       0x58 ..\obj\stm32f4xx_i2c.o
 .text.I2C_ClearITPendingBit
                0x00000000       0x2c ..\obj\stm32f4xx_i2c.o
 .text          0x00000000        0x0 ..\obj\stm32f4xx_rng.o
 .data          0x00000000        0x0 ..\obj\stm32f4xx_rng.o
 .bss           0x00000000        0x0 ..\obj\stm32f4xx_rng.o
 .text.RNG_DeInit
                0x00000000       0x18 ..\obj\stm32f4xx_rng.o
 .text.RNG_GetRandomNumber
                0x00000000       0x14 ..\obj\stm32f4xx_rng.o
 .text.RNG_ITConfig
                0x00000000       0x38 ..\obj\stm32f4xx_rng.o
 .text.RNG_GetFlagStatus
                0x00000000       0x34 ..\obj\stm32f4xx_rng.o
 .text.RNG_ClearFlag
                0x00000000       0x24 ..\obj\stm32f4xx_rng.o
 .text.RNG_GetITStatus
                0x00000000       0x34 ..\obj\stm32f4xx_rng.o
 .text.RNG_ClearITPendingBit
                0x00000000       0x24 ..\obj\stm32f4xx_rng.o
 .text          0x00000000        0x0 ..\obj\stm32f4xx_exti.o
 .data          0x00000000        0x0 ..\obj\stm32f4xx_exti.o
 .bss           0x00000000        0x0 ..\obj\stm32f4xx_exti.o
 .text.EXTI_DeInit
                0x00000000       0x34 ..\obj\stm32f4xx_exti.o
 .text.EXTI_StructInit
                0x00000000       0x2a ..\obj\stm32f4xx_exti.o
 .text.EXTI_GenerateSWInterrupt
                0x00000000       0x24 ..\obj\stm32f4xx_exti.o
 .text.EXTI_GetFlagStatus
                0x00000000       0x34 ..\obj\stm32f4xx_exti.o
 .text.EXTI_ClearFlag
                0x00000000       0x1c ..\obj\stm32f4xx_exti.o
 .text          0x00000000        0x0 ..\obj\misc.o
 .data          0x00000000        0x0 ..\obj\misc.o
 .bss           0x00000000        0x0 ..\obj\misc.o
 .text.NVIC_SetVectorTable
                0x00000000       0x2c ..\obj\misc.o
 .text.NVIC_SystemLPConfig
                0x00000000       0x40 ..\obj\misc.o
 .text          0x00000000        0x0 ..\obj\stm32f4xx_rtc.o
 .data          0x00000000        0x0 ..\obj\stm32f4xx_rtc.o
 .bss           0x00000000        0x0 ..\obj\stm32f4xx_rtc.o
 .text.RTC_DeInit
                0x00000000       0xdc ..\obj\stm32f4xx_rtc.o
 .text.RTC_Init
                0x00000000       0x78 ..\obj\stm32f4xx_rtc.o
 .text.RTC_StructInit
                0x00000000       0x24 ..\obj\stm32f4xx_rtc.o
 .text.RTC_WriteProtectionCmd
                0x00000000       0x34 ..\obj\stm32f4xx_rtc.o
 .text.RTC_EnterInitMode
                0x00000000       0x70 ..\obj\stm32f4xx_rtc.o
 .text.RTC_ExitInitMode
                0x00000000       0x1c ..\obj\stm32f4xx_rtc.o
 .text.RTC_WaitForSynchro
                0x00000000       0x74 ..\obj\stm32f4xx_rtc.o
 .text.RTC_RefClockCmd
                0x00000000       0x68 ..\obj\stm32f4xx_rtc.o
 .text.RTC_BypassShadowCmd
                0x00000000       0x4c ..\obj\stm32f4xx_rtc.o
 .text.RTC_SetTime
                0x00000000      0x104 ..\obj\stm32f4xx_rtc.o
 .text.RTC_TimeStructInit
                0x00000000       0x2a ..\obj\stm32f4xx_rtc.o
 .text.RTC_GetTime
                0x00000000       0xa4 ..\obj\stm32f4xx_rtc.o
 .text.RTC_GetSubSecond
                0x00000000       0x24 ..\obj\stm32f4xx_rtc.o
 .text.RTC_SetDate
                0x00000000      0x10c ..\obj\stm32f4xx_rtc.o
 .text.RTC_DateStructInit
                0x00000000       0x2a ..\obj\stm32f4xx_rtc.o
 .text.RTC_GetDate
                0x00000000       0x9c ..\obj\stm32f4xx_rtc.o
 .text.RTC_SetAlarm
                0x00000000      0x138 ..\obj\stm32f4xx_rtc.o
 .text.RTC_AlarmStructInit
                0x00000000       0x3c ..\obj\stm32f4xx_rtc.o
 .text.RTC_GetAlarm
                0x00000000       0xe4 ..\obj\stm32f4xx_rtc.o
 .text.RTC_AlarmCmd
                0x00000000       0x98 ..\obj\stm32f4xx_rtc.o
 .text.RTC_AlarmSubSecondConfig
                0x00000000       0x50 ..\obj\stm32f4xx_rtc.o
 .text.RTC_GetAlarmSubSecond
                0x00000000       0x3c ..\obj\stm32f4xx_rtc.o
 .text.RTC_WakeUpClockConfig
                0x00000000       0x40 ..\obj\stm32f4xx_rtc.o
 .text.RTC_SetWakeUpCounter
                0x00000000       0x30 ..\obj\stm32f4xx_rtc.o
 .text.RTC_GetWakeUpCounter
                0x00000000       0x18 ..\obj\stm32f4xx_rtc.o
 .text.RTC_WakeUpCmd
                0x00000000       0x90 ..\obj\stm32f4xx_rtc.o
 .text.RTC_DayLightSavingConfig
                0x00000000       0x48 ..\obj\stm32f4xx_rtc.o
 .text.RTC_GetStoreOperation
                0x00000000       0x18 ..\obj\stm32f4xx_rtc.o
 .text.RTC_OutputConfig
                0x00000000       0x48 ..\obj\stm32f4xx_rtc.o
 .text.RTC_CoarseCalibConfig
                0x00000000       0x50 ..\obj\stm32f4xx_rtc.o
 .text.RTC_CoarseCalibCmd
                0x00000000       0x68 ..\obj\stm32f4xx_rtc.o
 .text.RTC_CalibOutputCmd
                0x00000000       0x4c ..\obj\stm32f4xx_rtc.o
 .text.RTC_CalibOutputConfig
                0x00000000       0x40 ..\obj\stm32f4xx_rtc.o
 .text.RTC_SmoothCalibConfig
                0x00000000       0x84 ..\obj\stm32f4xx_rtc.o
 .text.RTC_TimeStampCmd
                0x00000000       0x60 ..\obj\stm32f4xx_rtc.o
 .text.RTC_GetTimeStamp
                0x00000000      0x120 ..\obj\stm32f4xx_rtc.o
 .text.RTC_GetTimeStampSubSecond
                0x00000000       0x14 ..\obj\stm32f4xx_rtc.o
 .text.RTC_TamperTriggerConfig
                0x00000000       0x40 ..\obj\stm32f4xx_rtc.o
 .text.RTC_TamperCmd
                0x00000000       0x3c ..\obj\stm32f4xx_rtc.o
 .text.RTC_TamperFilterConfig
                0x00000000       0x30 ..\obj\stm32f4xx_rtc.o
 .text.RTC_TamperSamplingFreqConfig
                0x00000000       0x30 ..\obj\stm32f4xx_rtc.o
 .text.RTC_TamperPinsPrechargeDuration
                0x00000000       0x30 ..\obj\stm32f4xx_rtc.o
 .text.RTC_TimeStampOnTamperDetectionCmd
                0x00000000       0x38 ..\obj\stm32f4xx_rtc.o
 .text.RTC_TamperPullUpCmd
                0x00000000       0x38 ..\obj\stm32f4xx_rtc.o
 .text.RTC_WriteBackupRegister
                0x00000000       0x34 ..\obj\stm32f4xx_rtc.o
 .text.RTC_ReadBackupRegister
                0x00000000       0x2c ..\obj\stm32f4xx_rtc.o
 .text.RTC_TamperPinSelection
                0x00000000       0x30 ..\obj\stm32f4xx_rtc.o
 .text.RTC_TimeStampPinSelection
                0x00000000       0x30 ..\obj\stm32f4xx_rtc.o
 .text.RTC_OutputTypeConfig
                0x00000000       0x30 ..\obj\stm32f4xx_rtc.o
 .text.RTC_SynchroShiftConfig
                0x00000000       0x9c ..\obj\stm32f4xx_rtc.o
 .text.RTC_ITConfig
                0x00000000       0x78 ..\obj\stm32f4xx_rtc.o
 .text.RTC_GetFlagStatus
                0x00000000       0x40 ..\obj\stm32f4xx_rtc.o
 .text.RTC_ClearFlag
                0x00000000       0x30 ..\obj\stm32f4xx_rtc.o
 .text.RTC_GetITStatus
                0x00000000       0x68 ..\obj\stm32f4xx_rtc.o
 .text.RTC_ClearITPendingBit
                0x00000000       0x38 ..\obj\stm32f4xx_rtc.o
 .text.RTC_ByteToBcd2
                0x00000000       0x38 ..\obj\stm32f4xx_rtc.o
 .text.RTC_Bcd2ToByte
                0x00000000       0x36 ..\obj\stm32f4xx_rtc.o
 .debug_info    0x00000000     0x10f2 ..\obj\stm32f4xx_rtc.o
 .debug_abbrev  0x00000000      0x1df ..\obj\stm32f4xx_rtc.o
 .debug_aranges
                0x00000000      0x1e0 ..\obj\stm32f4xx_rtc.o
 .debug_ranges  0x00000000      0x1d0 ..\obj\stm32f4xx_rtc.o
 .debug_line    0x00000000      0x83d ..\obj\stm32f4xx_rtc.o
 .debug_str     0x00000000      0xb7a ..\obj\stm32f4xx_rtc.o
 .comment       0x00000000       0x7f ..\obj\stm32f4xx_rtc.o
 .debug_frame   0x00000000      0x8b0 ..\obj\stm32f4xx_rtc.o
 .ARM.attributes
                0x00000000       0x33 ..\obj\stm32f4xx_rtc.o
 .text          0x00000000        0x0 ..\obj\stm32f4xx_tim.o
 .data          0x00000000        0x0 ..\obj\stm32f4xx_tim.o
 .bss           0x00000000        0x0 ..\obj\stm32f4xx_tim.o
 .text.TIM_DeInit
                0x00000000      0x1c0 ..\obj\stm32f4xx_tim.o
 .text.TIM_TimeBaseStructInit
                0x00000000       0x32 ..\obj\stm32f4xx_tim.o
 .text.TIM_PrescalerConfig
                0x00000000       0x26 ..\obj\stm32f4xx_tim.o
 .text.TIM_CounterModeConfig
                0x00000000       0x36 ..\obj\stm32f4xx_tim.o
 .text.TIM_SetAutoreload
                0x00000000       0x1a ..\obj\stm32f4xx_tim.o
 .text.TIM_GetCounter
                0x00000000       0x16 ..\obj\stm32f4xx_tim.o
 .text.TIM_GetPrescaler
                0x00000000       0x18 ..\obj\stm32f4xx_tim.o
 .text.TIM_UpdateDisableConfig
                0x00000000       0x3e ..\obj\stm32f4xx_tim.o
 .text.TIM_UpdateRequestConfig
                0x00000000       0x3e ..\obj\stm32f4xx_tim.o
 .text.TIM_ARRPreloadConfig
                0x00000000       0x3e ..\obj\stm32f4xx_tim.o
 .text.TIM_SelectOnePulseMode
                0x00000000       0x36 ..\obj\stm32f4xx_tim.o
 .text.TIM_SetClockDivision
                0x00000000       0x36 ..\obj\stm32f4xx_tim.o
 .text.TIM_OC1Init
                0x00000000       0xf4 ..\obj\stm32f4xx_tim.o
 .text.TIM_OC2Init
                0x00000000      0x110 ..\obj\stm32f4xx_tim.o
 .text.TIM_OC3Init
                0x00000000      0x10c ..\obj\stm32f4xx_tim.o
 .text.TIM_OC4Init
                0x00000000       0xcc ..\obj\stm32f4xx_tim.o
 .text.TIM_OCStructInit
                0x00000000       0x42 ..\obj\stm32f4xx_tim.o
 .text.TIM_SelectOCxM
                0x00000000       0xb2 ..\obj\stm32f4xx_tim.o
 .text.TIM_SetCompare1
                0x00000000       0x1a ..\obj\stm32f4xx_tim.o
 .text.TIM_SetCompare2
                0x00000000       0x1a ..\obj\stm32f4xx_tim.o
 .text.TIM_SetCompare3
                0x00000000       0x1a ..\obj\stm32f4xx_tim.o
 .text.TIM_SetCompare4
                0x00000000       0x1a ..\obj\stm32f4xx_tim.o
 .text.TIM_ForcedOC1Config
                0x00000000       0x36 ..\obj\stm32f4xx_tim.o
 .text.TIM_ForcedOC2Config
                0x00000000       0x3a ..\obj\stm32f4xx_tim.o
 .text.TIM_ForcedOC3Config
                0x00000000       0x36 ..\obj\stm32f4xx_tim.o
 .text.TIM_ForcedOC4Config
                0x00000000       0x3a ..\obj\stm32f4xx_tim.o
 .text.TIM_OC1PreloadConfig
                0x00000000       0x36 ..\obj\stm32f4xx_tim.o
 .text.TIM_OC2PreloadConfig
                0x00000000       0x3a ..\obj\stm32f4xx_tim.o
 .text.TIM_OC3PreloadConfig
                0x00000000       0x36 ..\obj\stm32f4xx_tim.o
 .text.TIM_OC4PreloadConfig
                0x00000000       0x3a ..\obj\stm32f4xx_tim.o
 .text.TIM_OC1FastConfig
                0x00000000       0x36 ..\obj\stm32f4xx_tim.o
 .text.TIM_OC2FastConfig
                0x00000000       0x3a ..\obj\stm32f4xx_tim.o
 .text.TIM_OC3FastConfig
                0x00000000       0x36 ..\obj\stm32f4xx_tim.o
 .text.TIM_OC4FastConfig
                0x00000000       0x3a ..\obj\stm32f4xx_tim.o
 .text.TIM_ClearOC1Ref
                0x00000000       0x36 ..\obj\stm32f4xx_tim.o
 .text.TIM_ClearOC2Ref
                0x00000000       0x3a ..\obj\stm32f4xx_tim.o
 .text.TIM_ClearOC3Ref
                0x00000000       0x36 ..\obj\stm32f4xx_tim.o
 .text.TIM_ClearOC4Ref
                0x00000000       0x3a ..\obj\stm32f4xx_tim.o
 .text.TIM_OC1PolarityConfig
                0x00000000       0x36 ..\obj\stm32f4xx_tim.o
 .text.TIM_OC1NPolarityConfig
                0x00000000       0x36 ..\obj\stm32f4xx_tim.o
 .text.TIM_OC2PolarityConfig
                0x00000000       0x3a ..\obj\stm32f4xx_tim.o
 .text.TIM_OC2NPolarityConfig
                0x00000000       0x3a ..\obj\stm32f4xx_tim.o
 .text.TIM_OC3PolarityConfig
                0x00000000       0x3a ..\obj\stm32f4xx_tim.o
 .text.TIM_OC3NPolarityConfig
                0x00000000       0x3a ..\obj\stm32f4xx_tim.o
 .text.TIM_OC4PolarityConfig
                0x00000000       0x3a ..\obj\stm32f4xx_tim.o
 .text.TIM_CCxCmd
                0x00000000       0x54 ..\obj\stm32f4xx_tim.o
 .text.TIM_CCxNCmd
                0x00000000       0x54 ..\obj\stm32f4xx_tim.o
 .text.TIM_ICInit
                0x00000000       0xa8 ..\obj\stm32f4xx_tim.o
 .text.TIM_ICStructInit
                0x00000000       0x30 ..\obj\stm32f4xx_tim.o
 .text.TIM_PWMIConfig
                0x00000000       0xb8 ..\obj\stm32f4xx_tim.o
 .text.TIM_GetCapture1
                0x00000000       0x16 ..\obj\stm32f4xx_tim.o
 .text.TIM_GetCapture2
                0x00000000       0x16 ..\obj\stm32f4xx_tim.o
 .text.TIM_GetCapture3
                0x00000000       0x16 ..\obj\stm32f4xx_tim.o
 .text.TIM_GetCapture4
                0x00000000       0x16 ..\obj\stm32f4xx_tim.o
 .text.TIM_SetIC1Prescaler
                0x00000000       0x36 ..\obj\stm32f4xx_tim.o
 .text.TIM_SetIC2Prescaler
                0x00000000       0x3a ..\obj\stm32f4xx_tim.o
 .text.TIM_SetIC3Prescaler
                0x00000000       0x36 ..\obj\stm32f4xx_tim.o
 .text.TIM_SetIC4Prescaler
                0x00000000       0x3a ..\obj\stm32f4xx_tim.o
 .text.TIM_BDTRConfig
                0x00000000       0x4e ..\obj\stm32f4xx_tim.o
 .text.TIM_BDTRStructInit
                0x00000000       0x3c ..\obj\stm32f4xx_tim.o
 .text.TIM_CtrlPWMOutputs
                0x00000000       0x4a ..\obj\stm32f4xx_tim.o
 .text.TIM_SelectCOM
                0x00000000       0x3e ..\obj\stm32f4xx_tim.o
 .text.TIM_CCPreloadControl
                0x00000000       0x3e ..\obj\stm32f4xx_tim.o
 .text.TIM_GenerateEvent
                0x00000000       0x1c ..\obj\stm32f4xx_tim.o
 .text.TIM_GetFlagStatus
                0x00000000       0x36 ..\obj\stm32f4xx_tim.o
 .text.TIM_ClearFlag
                0x00000000       0x20 ..\obj\stm32f4xx_tim.o
 .text.TIM_DMAConfig
                0x00000000       0x28 ..\obj\stm32f4xx_tim.o
 .text.TIM_DMACmd
                0x00000000       0x46 ..\obj\stm32f4xx_tim.o
 .text.TIM_SelectCCDMA
                0x00000000       0x3e ..\obj\stm32f4xx_tim.o
 .text.TIM_InternalClockConfig
                0x00000000       0x22 ..\obj\stm32f4xx_tim.o
 .text.TIM_ITRxExternalClockConfig
                0x00000000       0x2e ..\obj\stm32f4xx_tim.o
 .text.TIM_TIxExternalClockConfig
                0x00000000       0x5c ..\obj\stm32f4xx_tim.o
 .text.TIM_ETRClockMode1Config
                0x00000000       0x5e ..\obj\stm32f4xx_tim.o
 .text.TIM_ETRClockMode2Config
                0x00000000       0x3e ..\obj\stm32f4xx_tim.o
 .text.TIM_SelectInputTrigger
                0x00000000       0x36 ..\obj\stm32f4xx_tim.o
 .text.TIM_SelectOutputTrigger
                0x00000000       0x36 ..\obj\stm32f4xx_tim.o
 .text.TIM_SelectSlaveMode
                0x00000000       0x36 ..\obj\stm32f4xx_tim.o
 .text.TIM_SelectMasterSlaveMode
                0x00000000       0x36 ..\obj\stm32f4xx_tim.o
 .text.TIM_ETRConfig
                0x00000000       0x52 ..\obj\stm32f4xx_tim.o
 .text.TIM_EncoderInterfaceConfig
                0x00000000       0x96 ..\obj\stm32f4xx_tim.o
 .text.TIM_SelectHallSensor
                0x00000000       0x3e ..\obj\stm32f4xx_tim.o
 .text.TIM_RemapConfig
                0x00000000       0x1e ..\obj\stm32f4xx_tim.o
 .text.TI1_Config
                0x00000000       0x84 ..\obj\stm32f4xx_tim.o
 .text.TI2_Config
                0x00000000       0x98 ..\obj\stm32f4xx_tim.o
 .text.TI3_Config
                0x00000000       0x8e ..\obj\stm32f4xx_tim.o
 .text.TI4_Config
                0x00000000       0x9c ..\obj\stm32f4xx_tim.o
 .text          0x00000000        0x0 c:/program files (x86)/gnu tools arm embedded/7 2017-q4-major/bin/../lib/gcc/arm-none-eabi/7.2.1/../../../../arm-none-eabi/lib/thumb/v7e-m\libg.a(lib_a-malloc.o)
 .data          0x00000000        0x0 c:/program files (x86)/gnu tools arm embedded/7 2017-q4-major/bin/../lib/gcc/arm-none-eabi/7.2.1/../../../../arm-none-eabi/lib/thumb/v7e-m\libg.a(lib_a-malloc.o)
 .bss           0x00000000        0x0 c:/program files (x86)/gnu tools arm embedded/7 2017-q4-major/bin/../lib/gcc/arm-none-eabi/7.2.1/../../../../arm-none-eabi/lib/thumb/v7e-m\libg.a(lib_a-malloc.o)
 .text.free     0x00000000       0x10 c:/program files (x86)/gnu tools arm embedded/7 2017-q4-major/bin/../lib/gcc/arm-none-eabi/7.2.1/../../../../arm-none-eabi/lib/thumb/v7e-m\libg.a(lib_a-malloc.o)
 .text          0x00000000        0x0 c:/program files (x86)/gnu tools arm embedded/7 2017-q4-major/bin/../lib/gcc/arm-none-eabi/7.2.1/../../../../arm-none-eabi/lib/thumb/v7e-m\libg.a(lib_a-mallocr.o)
 .data          0x00000000        0x0 c:/program files (x86)/gnu tools arm embedded/7 2017-q4-major/bin/../lib/gcc/arm-none-eabi/7.2.1/../../../../arm-none-eabi/lib/thumb/v7e-m\libg.a(lib_a-mallocr.o)
 .bss           0x00000000        0x0 c:/program files (x86)/gnu tools arm embedded/7 2017-q4-major/bin/../lib/gcc/arm-none-eabi/7.2.1/../../../../arm-none-eabi/lib/thumb/v7e-m\libg.a(lib_a-mallocr.o)
 .text          0x00000000        0x0 c:/program files (x86)/gnu tools arm embedded/7 2017-q4-major/bin/../lib/gcc/arm-none-eabi/7.2.1/../../../../arm-none-eabi/lib/thumb/v7e-m\libg.a(lib_a-mlock.o)
 .data          0x00000000        0x0 c:/program files (x86)/gnu tools arm embedded/7 2017-q4-major/bin/../lib/gcc/arm-none-eabi/7.2.1/../../../../arm-none-eabi/lib/thumb/v7e-m\libg.a(lib_a-mlock.o)
 .bss           0x00000000        0x0 c:/program files (x86)/gnu tools arm embedded/7 2017-q4-major/bin/../lib/gcc/arm-none-eabi/7.2.1/../../../../arm-none-eabi/lib/thumb/v7e-m\libg.a(lib_a-mlock.o)
 .text          0x00000000        0x0 c:/program files (x86)/gnu tools arm embedded/7 2017-q4-major/bin/../lib/gcc/arm-none-eabi/7.2.1/../../../../arm-none-eabi/lib/thumb/v7e-m\libg.a(lib_a-sbrkr.o)
 .data          0x00000000        0x0 c:/program files (x86)/gnu tools arm embedded/7 2017-q4-major/bin/../lib/gcc/arm-none-eabi/7.2.1/../../../../arm-none-eabi/lib/thumb/v7e-m\libg.a(lib_a-sbrkr.o)
 .bss           0x00000000        0x0 c:/program files (x86)/gnu tools arm embedded/7 2017-q4-major/bin/../lib/gcc/arm-none-eabi/7.2.1/../../../../arm-none-eabi/lib/thumb/v7e-m\libg.a(lib_a-sbrkr.o)
 .text          0x00000000        0x0 c:/program files (x86)/gnu tools arm embedded/7 2017-q4-major/bin/../lib/gcc/arm-none-eabi/7.2.1/../../../../arm-none-eabi/lib/thumb/v7e-m\libg.a(lib_a-freer.o)
 .data          0x00000000        0x0 c:/program files (x86)/gnu tools arm embedded/7 2017-q4-major/bin/../lib/gcc/arm-none-eabi/7.2.1/../../../../arm-none-eabi/lib/thumb/v7e-m\libg.a(lib_a-freer.o)
 .bss           0x00000000        0x0 c:/program files (x86)/gnu tools arm embedded/7 2017-q4-major/bin/../lib/gcc/arm-none-eabi/7.2.1/../../../../arm-none-eabi/lib/thumb/v7e-m\libg.a(lib_a-freer.o)
 .text          0x00000000        0x0 c:/program files (x86)/gnu tools arm embedded/7 2017-q4-major/bin/../lib/gcc/arm-none-eabi/7.2.1/../../../../arm-none-eabi/lib/thumb/v7e-m\libg.a(lib_a-impure.o)
 .data          0x00000000        0x0 c:/program files (x86)/gnu tools arm embedded/7 2017-q4-major/bin/../lib/gcc/arm-none-eabi/7.2.1/../../../../arm-none-eabi/lib/thumb/v7e-m\libg.a(lib_a-impure.o)
 .bss           0x00000000        0x0 c:/program files (x86)/gnu tools arm embedded/7 2017-q4-major/bin/../lib/gcc/arm-none-eabi/7.2.1/../../../../arm-none-eabi/lib/thumb/v7e-m\libg.a(lib_a-impure.o)
 .rodata._global_impure_ptr
                0x00000000        0x4 c:/program files (x86)/gnu tools arm embedded/7 2017-q4-major/bin/../lib/gcc/arm-none-eabi/7.2.1/../../../../arm-none-eabi/lib/thumb/v7e-m\libg.a(lib_a-impure.o)
 .text          0x00000000        0x0 c:/program files (x86)/gnu tools arm embedded/7 2017-q4-major/bin/../lib/gcc/arm-none-eabi/7.2.1/../../../../arm-none-eabi/lib/thumb/v7e-m\libg.a(lib_a-lock.o)
 .data          0x00000000        0x0 c:/program files (x86)/gnu tools arm embedded/7 2017-q4-major/bin/../lib/gcc/arm-none-eabi/7.2.1/../../../../arm-none-eabi/lib/thumb/v7e-m\libg.a(lib_a-lock.o)
 .bss           0x00000000        0x0 c:/program files (x86)/gnu tools arm embedded/7 2017-q4-major/bin/../lib/gcc/arm-none-eabi/7.2.1/../../../../arm-none-eabi/lib/thumb/v7e-m\libg.a(lib_a-lock.o)
 .text.__retarget_lock_init
                0x00000000        0x4 c:/program files (x86)/gnu tools arm embedded/7 2017-q4-major/bin/../lib/gcc/arm-none-eabi/7.2.1/../../../../arm-none-eabi/lib/thumb/v7e-m\libg.a(lib_a-lock.o)
 .text.__retarget_lock_init_recursive
                0x00000000        0x4 c:/program files (x86)/gnu tools arm embedded/7 2017-q4-major/bin/../lib/gcc/arm-none-eabi/7.2.1/../../../../arm-none-eabi/lib/thumb/v7e-m\libg.a(lib_a-lock.o)
 .text.__retarget_lock_close
                0x00000000        0x4 c:/program files (x86)/gnu tools arm embedded/7 2017-q4-major/bin/../lib/gcc/arm-none-eabi/7.2.1/../../../../arm-none-eabi/lib/thumb/v7e-m\libg.a(lib_a-lock.o)
 .text.__retarget_lock_close_recursive
                0x00000000        0x4 c:/program files (x86)/gnu tools arm embedded/7 2017-q4-major/bin/../lib/gcc/arm-none-eabi/7.2.1/../../../../arm-none-eabi/lib/thumb/v7e-m\libg.a(lib_a-lock.o)
 .text.__retarget_lock_acquire
                0x00000000        0x4 c:/program files (x86)/gnu tools arm embedded/7 2017-q4-major/bin/../lib/gcc/arm-none-eabi/7.2.1/../../../../arm-none-eabi/lib/thumb/v7e-m\libg.a(lib_a-lock.o)
 .text.__retarget_lock_try_acquire
                0x00000000        0x4 c:/program files (x86)/gnu tools arm embedded/7 2017-q4-major/bin/../lib/gcc/arm-none-eabi/7.2.1/../../../../arm-none-eabi/lib/thumb/v7e-m\libg.a(lib_a-lock.o)
 .text.__retarget_lock_try_acquire_recursive
                0x00000000        0x4 c:/program files (x86)/gnu tools arm embedded/7 2017-q4-major/bin/../lib/gcc/arm-none-eabi/7.2.1/../../../../arm-none-eabi/lib/thumb/v7e-m\libg.a(lib_a-lock.o)
 .text.__retarget_lock_release
                0x00000000        0x4 c:/program files (x86)/gnu tools arm embedded/7 2017-q4-major/bin/../lib/gcc/arm-none-eabi/7.2.1/../../../../arm-none-eabi/lib/thumb/v7e-m\libg.a(lib_a-lock.o)
 .text          0x00000000        0x0 c:/program files (x86)/gnu tools arm embedded/7 2017-q4-major/bin/../lib/gcc/arm-none-eabi/7.2.1/../../../../arm-none-eabi/lib/thumb/v7e-m\libg.a(lib_a-reent.o)
 .data          0x00000000        0x0 c:/program files (x86)/gnu tools arm embedded/7 2017-q4-major/bin/../lib/gcc/arm-none-eabi/7.2.1/../../../../arm-none-eabi/lib/thumb/v7e-m\libg.a(lib_a-reent.o)
 .bss           0x00000000        0x0 c:/program files (x86)/gnu tools arm embedded/7 2017-q4-major/bin/../lib/gcc/arm-none-eabi/7.2.1/../../../../arm-none-eabi/lib/thumb/v7e-m\libg.a(lib_a-reent.o)
 .text.cleanup_glue
                0x00000000       0x28 c:/program files (x86)/gnu tools arm embedded/7 2017-q4-major/bin/../lib/gcc/arm-none-eabi/7.2.1/../../../../arm-none-eabi/lib/thumb/v7e-m\libg.a(lib_a-reent.o)
 .text._reclaim_reent
                0x00000000       0x88 c:/program files (x86)/gnu tools arm embedded/7 2017-q4-major/bin/../lib/gcc/arm-none-eabi/7.2.1/../../../../arm-none-eabi/lib/thumb/v7e-m\libg.a(lib_a-reent.o)

Memory Configuration

Name             Origin             Length             Attributes
rom              0x08000000         0x00100000         xr
ram              0x20000000         0x00020000         xrw
ram1             0x10000000         0x00010000         xrw
*default*        0x00000000         0xffffffff

Linker script and memory map

                0x20020000                _eram = 0x20020000

.text           0x08000000     0x6187
 *(.isr_vector)
 .isr_vector    0x08000000      0x188 ..\obj\startup_stm32f4xx.o
                0x08000000                g_pfnVectors
 *(.text*)
 .text.SYSCFG_EXTILineConfig
                0x08000188       0x80 ..\obj\stm32f4xx_syscfg.o
                0x08000188                SYSCFG_EXTILineConfig
 .text.delay_init
                0x08000208       0x34 ..\obj\delay.o
                0x08000208                delay_init
 .text.delay_ms
                0x0800023c       0x26 ..\obj\delay.o
                0x0800023c                delay_ms
 *fill*         0x08000262        0x2 
 .text.delay_us
                0x08000264       0x5c ..\obj\delay.o
                0x08000264                delay_us
 .text.Default_Reset_Handler
                0x080002c0       0x5c ..\obj\startup_stm32f4xx.o
                0x080002c0                Default_Reset_Handler
                0x080002c0                Reset_Handler
 .text.Default_Handler
                0x0800031c        0x6 ..\obj\startup_stm32f4xx.o
                0x0800031c                RTC_Alarm_IRQHandler
                0x0800031c                HASH_RNG_IRQHandler
                0x0800031c                EXTI2_IRQHandler
                0x0800031c                TIM8_CC_IRQHandler
                0x0800031c                DebugMon_Handler
                0x0800031c                TIM1_CC_IRQHandler
                0x0800031c                DMA2_Stream5_IRQHandler
                0x0800031c                HardFault_Handler
                0x0800031c                DMA1_Stream5_IRQHandler
                0x0800031c                PVD_IRQHandler
                0x0800031c                SDIO_IRQHandler
                0x0800031c                TAMP_STAMP_IRQHandler
                0x0800031c                PendSV_Handler
                0x0800031c                NMI_Handler
                0x0800031c                CAN2_RX1_IRQHandler
                0x0800031c                EXTI3_IRQHandler
                0x0800031c                TIM8_TRG_COM_TIM14_IRQHandler
                0x0800031c                TIM1_UP_TIM10_IRQHandler
                0x0800031c                TIM8_UP_TIM13_IRQHandler
                0x0800031c                I2C3_ER_IRQHandler
                0x0800031c                I2C2_EV_IRQHandler
                0x0800031c                DMA1_Stream2_IRQHandler
                0x0800031c                CAN1_RX0_IRQHandler
                0x0800031c                FPU_IRQHandler
                0x0800031c                OTG_HS_WKUP_IRQHandler
                0x0800031c                UsageFault_Handler
                0x0800031c                CAN2_SCE_IRQHandler
                0x0800031c                DMA2_Stream2_IRQHandler
                0x0800031c                SPI1_IRQHandler
                0x0800031c                TIM6_DAC_IRQHandler
                0x0800031c                TIM1_BRK_TIM9_IRQHandler
                0x0800031c                DCMI_IRQHandler
                0x0800031c                CAN2_RX0_IRQHandler
                0x0800031c                DMA2_Stream3_IRQHandler
                0x0800031c                USART6_IRQHandler
                0x0800031c                USART3_IRQHandler
                0x0800031c                CRYP_IRQHandler
                0x0800031c                CAN1_RX1_IRQHandler
                0x0800031c                UART5_IRQHandler
                0x0800031c                DMA2_Stream0_IRQHandler
                0x0800031c                TIM4_IRQHandler
                0x0800031c                I2C1_EV_IRQHandler
                0x0800031c                DMA1_Stream6_IRQHandler
                0x0800031c                DMA1_Stream1_IRQHandler
                0x0800031c                UART4_IRQHandler
                0x0800031c                RCC_IRQHandler
                0x0800031c                TIM8_BRK_TIM12_IRQHandler
                0x0800031c                EXTI15_10_IRQHandler
                0x0800031c                ADC_IRQHandler
                0x0800031c                DMA1_Stream7_IRQHandler
                0x0800031c                TIM7_IRQHandler
                0x0800031c                CAN2_TX_IRQHandler
                0x0800031c                DMA2_Stream7_IRQHandler
                0x0800031c                I2C3_EV_IRQHandler
                0x0800031c                RTC_WKUP_IRQHandler
                0x0800031c                ETH_WKUP_IRQHandler
                0x0800031c                SPI2_IRQHandler
                0x0800031c                OTG_HS_EP1_IN_IRQHandler
                0x0800031c                MemManage_Handler
                0x0800031c                DMA1_Stream0_IRQHandler
                0x0800031c                CAN1_TX_IRQHandler
                0x0800031c                SVC_Handler
                0x0800031c                EXTI4_IRQHandler
                0x0800031c                FSMC_IRQHandler
                0x0800031c                ETH_IRQHandler
                0x0800031c                OTG_HS_EP1_OUT_IRQHandler
                0x0800031c                WWDG_IRQHandler
                0x0800031c                OTG_FS_WKUP_IRQHandler
                0x0800031c                TIM1_TRG_COM_TIM11_IRQHandler
                0x0800031c                OTG_HS_IRQHandler
                0x0800031c                EXTI1_IRQHandler
                0x0800031c                USART2_IRQHandler
                0x0800031c                I2C2_ER_IRQHandler
                0x0800031c                DMA2_Stream1_IRQHandler
                0x0800031c                CAN1_SCE_IRQHandler
                0x0800031c                FLASH_IRQHandler
                0x0800031c                DMA2_Stream4_IRQHandler
                0x0800031c                BusFault_Handler
                0x0800031c                USART1_IRQHandler
                0x0800031c                OTG_FS_IRQHandler
                0x0800031c                SPI3_IRQHandler
                0x0800031c                DMA1_Stream4_IRQHandler
                0x0800031c                I2C1_ER_IRQHandler
                0x0800031c                DMA2_Stream6_IRQHandler
                0x0800031c                DMA1_Stream3_IRQHandler
 *fill*         0x08000322        0x2 
 .text.NVIC_SetPriority
                0x08000324       0x54 ..\obj\main.o
 .text.SysTick_Config
                0x08000378       0x44 ..\obj\main.o
 .text.SysTick_Handler
                0x080003bc        0xc ..\obj\main.o
                0x080003bc                SysTick_Handler
 .text.diodes_irr
                0x080003c8       0x6c ..\obj\main.o
                0x080003c8                diodes_irr
 .text.diodes_initialization
                0x08000434       0x3c ..\obj\main.o
                0x08000434                diodes_initialization
 .text.MY_DMA_initM2P
                0x08000470       0x9c ..\obj\main.o
                0x08000470                MY_DMA_initM2P
 .text.vibrations
                0x0800050c       0x6c ..\obj\main.o
                0x0800050c                vibrations
 .text.EXTI0_IRQHandler
                0x08000578       0x30 ..\obj\main.o
                0x08000578                EXTI0_IRQHandler
 .text.EXTI9_5_IRQHandler
                0x080005a8       0x78 ..\obj\main.o
                0x080005a8                EXTI9_5_IRQHandler
 .text.TIM2_IRQHandler
                0x08000620       0x34 ..\obj\main.o
                0x08000620                TIM2_IRQHandler
 .text.TIM3_IRQHandler
                0x08000654       0xbc ..\obj\main.o
                0x08000654                TIM3_IRQHandler
 .text.TIM5_IRQHandler
                0x08000710       0x50 ..\obj\main.o
                0x08000710                TIM5_IRQHandler
 .text.button_initialization
                0x08000760       0x30 ..\obj\main.o
                0x08000760                button_initialization
 .text.interrupt_initialization
                0x08000790       0x7c ..\obj\main.o
                0x08000790                interrupt_initialization
 .text.ADC_initialization
                0x0800080c       0x9c ..\obj\main.o
                0x0800080c                ADC_initialization
 .text.TIM2_ADC_initialization
                0x080008a8       0x6e ..\obj\main.o
                0x080008a8                TIM2_ADC_initialization
 *fill*         0x08000916        0x2 
 .text.ADC_conv
                0x08000918       0x38 ..\obj\main.o
                0x08000918                ADC_conv
 .text.read_and_send
                0x08000950       0x7c ..\obj\main.o
                0x08000950                read_and_send
 .text.play     0x080009cc       0xf4 ..\obj\main.o
                0x080009cc                play
 .text.isWAV    0x08000ac0       0x76 ..\obj\main.o
                0x08000ac0                isWAV
 *fill*         0x08000b36        0x2 
 .text.main     0x08000b38      0x170 ..\obj\main.o
                0x08000b38                main
 .text.RCC_PLLI2SCmd
                0x08000ca8       0x20 ..\obj\stm32f4xx_rcc.o
                0x08000ca8                RCC_PLLI2SCmd
 .text.RCC_GetClocksFreq
                0x08000cc8      0x150 ..\obj\stm32f4xx_rcc.o
                0x08000cc8                RCC_GetClocksFreq
 .text.RCC_AHB1PeriphClockCmd
                0x08000e18       0x3c ..\obj\stm32f4xx_rcc.o
                0x08000e18                RCC_AHB1PeriphClockCmd
 .text.RCC_AHB2PeriphClockCmd
                0x08000e54       0x3c ..\obj\stm32f4xx_rcc.o
                0x08000e54                RCC_AHB2PeriphClockCmd
 .text.RCC_APB1PeriphClockCmd
                0x08000e90       0x3c ..\obj\stm32f4xx_rcc.o
                0x08000e90                RCC_APB1PeriphClockCmd
 .text.RCC_APB2PeriphClockCmd
                0x08000ecc       0x3c ..\obj\stm32f4xx_rcc.o
                0x08000ecc                RCC_APB2PeriphClockCmd
 .text.RCC_APB1PeriphResetCmd
                0x08000f08       0x3c ..\obj\stm32f4xx_rcc.o
                0x08000f08                RCC_APB1PeriphResetCmd
 .text.RCC_APB2PeriphResetCmd
                0x08000f44       0x3c ..\obj\stm32f4xx_rcc.o
                0x08000f44                RCC_APB2PeriphResetCmd
 .text.codec_init
                0x08000f80      0x170 ..\obj\codec.o
                0x08000f80                codec_init
 .text.codec_ctrl_init
                0x080010f0      0x168 ..\obj\codec.o
                0x080010f0                codec_ctrl_init
 .text.send_codec_ctrl
                0x08001258       0xb8 ..\obj\codec.o
                0x08001258                send_codec_ctrl
 .text.read_codec_register
                0x08001310      0x104 ..\obj\codec.o
                0x08001310                read_codec_register
 .text.Codec_VolumeCtrl
                0x08001414       0x4a ..\obj\codec.o
                0x08001414                Codec_VolumeCtrl
 *fill*         0x0800145e        0x2 
 .text.Codec_WriteRegister
                0x08001460      0x140 ..\obj\codec.o
                0x08001460                Codec_WriteRegister
 .text.Codec_TIMEOUT_UserCallback
                0x080015a0        0x6 ..\obj\codec.o
                0x080015a0                Codec_TIMEOUT_UserCallback
 *fill*         0x080015a6        0x2 
 .text.ADC_Init
                0x080015a8       0xa8 ..\obj\stm32f4xx_adc.o
                0x080015a8                ADC_Init
 .text.ADC_CommonInit
                0x08001650       0x50 ..\obj\stm32f4xx_adc.o
                0x08001650                ADC_CommonInit
 .text.ADC_Cmd  0x080016a0       0x36 ..\obj\stm32f4xx_adc.o
                0x080016a0                ADC_Cmd
 .text.ADC_RegularChannelConfig
                0x080016d6      0x192 ..\obj\stm32f4xx_adc.o
                0x080016d6                ADC_RegularChannelConfig
 .text.ADC_SoftwareStartConv
                0x08001868       0x1e ..\obj\stm32f4xx_adc.o
                0x08001868                ADC_SoftwareStartConv
 .text.ADC_GetConversionValue
                0x08001886       0x18 ..\obj\stm32f4xx_adc.o
                0x08001886                ADC_GetConversionValue
 .text.ADC_GetFlagStatus
                0x0800189e       0x32 ..\obj\stm32f4xx_adc.o
                0x0800189e                ADC_GetFlagStatus
 .text.add_last
                0x080018d0       0x58 ..\obj\List.o
                0x080018d0                add_last
 .text.SELECT   0x08001928       0x20 ..\obj\spi_sd.o
 .text.DESELECT
                0x08001948       0x20 ..\obj\spi_sd.o
 .text.SPI_SD_Init
                0x08001968       0xfc ..\obj\spi_sd.o
                0x08001968                SPI_SD_Init
 .text.xmit_spi
                0x08001a64       0x4c ..\obj\spi_sd.o
 .text.rcvr_spi
                0x08001ab0       0x5c ..\obj\spi_sd.o
 .text.rcvr_spi_m
                0x08001b0c       0x1c ..\obj\spi_sd.o
 .text.wait_ready
                0x08001b28       0x38 ..\obj\spi_sd.o
 .text.power_on
                0x08001b60       0x34 ..\obj\spi_sd.o
 .text.power_off
                0x08001b94       0x18 ..\obj\spi_sd.o
 .text.chk_power
                0x08001bac       0x14 ..\obj\spi_sd.o
 .text.rcvr_datablock
                0x08001bc0       0x6c ..\obj\spi_sd.o
 .text.xmit_datablock
                0x08001c2c       0xa8 ..\obj\spi_sd.o
 .text.send_cmd
                0x08001cd4       0xa4 ..\obj\spi_sd.o
 .text.disk_initialize
                0x08001d78      0x1d4 ..\obj\spi_sd.o
                0x08001d78                disk_initialize
 .text.disk_status
                0x08001f4c       0x28 ..\obj\spi_sd.o
                0x08001f4c                disk_status
 .text.disk_read
                0x08001f74       0xd8 ..\obj\spi_sd.o
                0x08001f74                disk_read
 .text.disk_write
                0x0800204c      0x110 ..\obj\spi_sd.o
                0x0800204c                disk_write
 .text.disk_ioctl
                0x0800215c      0x260 ..\obj\spi_sd.o
                0x0800215c                disk_ioctl
 .text.disk_timerproc
                0x080023bc       0x48 ..\obj\spi_sd.o
                0x080023bc                disk_timerproc
 .text.get_fattime
                0x08002404       0x14 ..\obj\spi_sd.o
                0x08002404                get_fattime
 .text.GPIO_Init
                0x08002418      0x11a ..\obj\stm32f4xx_gpio.o
                0x08002418                GPIO_Init
 .text.GPIO_StructInit
                0x08002532       0x32 ..\obj\stm32f4xx_gpio.o
                0x08002532                GPIO_StructInit
 .text.GPIO_SetBits
                0x08002564       0x1c ..\obj\stm32f4xx_gpio.o
                0x08002564                GPIO_SetBits
 .text.GPIO_ResetBits
                0x08002580       0x1c ..\obj\stm32f4xx_gpio.o
                0x08002580                GPIO_ResetBits
 .text.GPIO_PinAFConfig
                0x0800259c       0x90 ..\obj\stm32f4xx_gpio.o
                0x0800259c                GPIO_PinAFConfig
 .text.SystemInit
                0x0800262c       0x5c ..\obj\system_stm32f4xx.o
                0x0800262c                SystemInit
 .text.SetSysClock
                0x08002688       0xf4 ..\obj\system_stm32f4xx.o
 .text._sbrk    0x0800277c       0x3c ..\obj\syscalls.o
                0x0800277c                _sbrk
 .text.DMA_DeInit
                0x080027b8      0x1a4 ..\obj\stm32f4xx_dma.o
                0x080027b8                DMA_DeInit
 .text.DMA_Init
                0x0800295c       0xac ..\obj\stm32f4xx_dma.o
                0x0800295c                DMA_Init
 .text.DMA_Cmd  0x08002a08       0x36 ..\obj\stm32f4xx_dma.o
                0x08002a08                DMA_Cmd
 *fill*         0x08002a3e        0x2 
 .text.DMA_GetFlagStatus
                0x08002a40       0x74 ..\obj\stm32f4xx_dma.o
                0x08002a40                DMA_GetFlagStatus
 .text.DMA_ClearFlag
                0x08002ab4       0x5c ..\obj\stm32f4xx_dma.o
                0x08002ab4                DMA_ClearFlag
 .text.ld_word  0x08002b10       0x2e ..\obj\ff.o
 .text.ld_dword
                0x08002b3e       0x44 ..\obj\ff.o
 .text.st_word  0x08002b82       0x34 ..\obj\ff.o
 .text.st_dword
                0x08002bb6       0x56 ..\obj\ff.o
 .text.mem_cpy  0x08002c0c       0x40 ..\obj\ff.o
 .text.mem_set  0x08002c4c       0x32 ..\obj\ff.o
 .text.mem_cmp  0x08002c7e       0x4c ..\obj\ff.o
 .text.chk_chr  0x08002cca       0x34 ..\obj\ff.o
 .text.sync_window
                0x08002cfe       0x88 ..\obj\ff.o
 .text.move_window
                0x08002d86       0x5a ..\obj\ff.o
 .text.sync_fs  0x08002de0       0xdc ..\obj\ff.o
 .text.clust2sect
                0x08002ebc       0x3c ..\obj\ff.o
 .text.get_fat  0x08002ef8      0x146 ..\obj\ff.o
 .text.put_fat  0x0800303e      0x1c4 ..\obj\ff.o
 .text.remove_chain
                0x08003202       0xc6 ..\obj\ff.o
 .text.create_chain
                0x080032c8      0x130 ..\obj\ff.o
 .text.dir_sdi  0x080033f8       0xf6 ..\obj\ff.o
 .text.dir_next
                0x080034ee      0x188 ..\obj\ff.o
 .text.dir_alloc
                0x08003676       0x8e ..\obj\ff.o
 .text.ld_clust
                0x08003704       0x3e ..\obj\ff.o
 .text.st_clust
                0x08003742       0x40 ..\obj\ff.o
 .text.dir_read
                0x08003782       0xba ..\obj\ff.o
 .text.dir_find
                0x0800383c       0xaa ..\obj\ff.o
 .text.dir_register
                0x080038e6       0x64 ..\obj\ff.o
 .text.get_fileinfo
                0x0800394a       0xc6 ..\obj\ff.o
 .text.create_name
                0x08003a10      0x188 ..\obj\ff.o
 .text.follow_path
                0x08003b98       0xe2 ..\obj\ff.o
 .text.get_ldnumber
                0x08003c7a       0x86 ..\obj\ff.o
 .text.check_fs
                0x08003d00       0x88 ..\obj\ff.o
 .text.find_volume
                0x08003d88      0x494 ..\obj\ff.o
 .text.validate
                0x0800421c       0x6c ..\obj\ff.o
 .text.f_mount  0x08004288       0x88 ..\obj\ff.o
                0x08004288                f_mount
 .text.f_open   0x08004310      0x238 ..\obj\ff.o
                0x08004310                f_open
 .text.f_read   0x08004548      0x268 ..\obj\ff.o
                0x08004548                f_read
 .text.f_sync   0x080047b0       0xfc ..\obj\ff.o
                0x080047b0                f_sync
 .text.f_close  0x080048ac       0x3e ..\obj\ff.o
                0x080048ac                f_close
 .text.f_lseek  0x080048ea      0x25a ..\obj\ff.o
                0x080048ea                f_lseek
 .text.f_opendir
                0x08004b44       0xc0 ..\obj\ff.o
                0x08004b44                f_opendir
 .text.f_readdir
                0x08004c04       0x80 ..\obj\ff.o
                0x08004c04                f_readdir
 .text.SPI_I2S_DeInit
                0x08004c84       0x74 ..\obj\stm32f4xx_spi.o
                0x08004c84                SPI_I2S_DeInit
 .text.SPI_Init
                0x08004cf8       0x86 ..\obj\stm32f4xx_spi.o
                0x08004cf8                SPI_Init
 *fill*         0x08004d7e        0x2 
 .text.I2S_Init
                0x08004d80      0x1a8 ..\obj\stm32f4xx_spi.o
                0x08004d80                I2S_Init
 .text.SPI_Cmd  0x08004f28       0x3e ..\obj\stm32f4xx_spi.o
                0x08004f28                SPI_Cmd
 .text.I2S_Cmd  0x08004f66       0x3e ..\obj\stm32f4xx_spi.o
                0x08004f66                I2S_Cmd
 .text.SPI_CalculateCRC
                0x08004fa4       0x3e ..\obj\stm32f4xx_spi.o
                0x08004fa4                SPI_CalculateCRC
 .text.SPI_I2S_DMACmd
                0x08004fe2       0x46 ..\obj\stm32f4xx_spi.o
                0x08004fe2                SPI_I2S_DMACmd
 .text.I2C_DeInit
                0x08005028       0x74 ..\obj\stm32f4xx_i2c.o
                0x08005028                I2C_DeInit
 .text.I2C_Init
                0x0800509c      0x184 ..\obj\stm32f4xx_i2c.o
                0x0800509c                I2C_Init
 .text.I2C_Cmd  0x08005220       0x3e ..\obj\stm32f4xx_i2c.o
                0x08005220                I2C_Cmd
 .text.I2C_GenerateSTART
                0x0800525e       0x3e ..\obj\stm32f4xx_i2c.o
                0x0800525e                I2C_GenerateSTART
 .text.I2C_GenerateSTOP
                0x0800529c       0x3e ..\obj\stm32f4xx_i2c.o
                0x0800529c                I2C_GenerateSTOP
 .text.I2C_Send7bitAddress
                0x080052da       0x3a ..\obj\stm32f4xx_i2c.o
                0x080052da                I2C_Send7bitAddress
 .text.I2C_AcknowledgeConfig
                0x08005314       0x3e ..\obj\stm32f4xx_i2c.o
                0x08005314                I2C_AcknowledgeConfig
 .text.I2C_SendData
                0x08005352       0x1e ..\obj\stm32f4xx_i2c.o
                0x08005352                I2C_SendData
 .text.I2C_ReceiveData
                0x08005370       0x1a ..\obj\stm32f4xx_i2c.o
                0x08005370                I2C_ReceiveData
 .text.I2C_CheckEvent
                0x0800538a       0x5e ..\obj\stm32f4xx_i2c.o
                0x0800538a                I2C_CheckEvent
 .text.I2C_GetFlagStatus
                0x080053e8       0x64 ..\obj\stm32f4xx_i2c.o
                0x080053e8                I2C_GetFlagStatus
 .text.RNG_Cmd  0x0800544c       0x38 ..\obj\stm32f4xx_rng.o
                0x0800544c                RNG_Cmd
 .text.EXTI_Init
                0x08005484       0xe4 ..\obj\stm32f4xx_exti.o
                0x08005484                EXTI_Init
 .text.EXTI_GetITStatus
                0x08005568       0x48 ..\obj\stm32f4xx_exti.o
                0x08005568                EXTI_GetITStatus
 .text.EXTI_ClearITPendingBit
                0x080055b0       0x1c ..\obj\stm32f4xx_exti.o
                0x080055b0                EXTI_ClearITPendingBit
 .text.NVIC_PriorityGroupConfig
                0x080055cc       0x24 ..\obj\misc.o
                0x080055cc                NVIC_PriorityGroupConfig
 .text.NVIC_Init
                0x080055f0       0xc4 ..\obj\misc.o
                0x080055f0                NVIC_Init
 .text.SysTick_CLKSourceConfig
                0x080056b4       0x38 ..\obj\misc.o
                0x080056b4                SysTick_CLKSourceConfig
 .text.TIM_TimeBaseInit
                0x080056ec       0xd4 ..\obj\stm32f4xx_tim.o
                0x080056ec                TIM_TimeBaseInit
 .text.TIM_SetCounter
                0x080057c0       0x1a ..\obj\stm32f4xx_tim.o
                0x080057c0                TIM_SetCounter
 .text.TIM_Cmd  0x080057da       0x3e ..\obj\stm32f4xx_tim.o
                0x080057da                TIM_Cmd
 .text.TIM_ITConfig
                0x08005818       0x46 ..\obj\stm32f4xx_tim.o
                0x08005818                TIM_ITConfig
 .text.TIM_GetITStatus
                0x0800585e       0x52 ..\obj\stm32f4xx_tim.o
                0x0800585e                TIM_GetITStatus
 .text.TIM_ClearITPendingBit
                0x080058b0       0x20 ..\obj\stm32f4xx_tim.o
                0x080058b0                TIM_ClearITPendingBit
 .text.malloc   0x080058d0       0x10 c:/program files (x86)/gnu tools arm embedded/7 2017-q4-major/bin/../lib/gcc/arm-none-eabi/7.2.1/../../../../arm-none-eabi/lib/thumb/v7e-m\libg.a(lib_a-malloc.o)
                0x080058d0                malloc
 .text._malloc_r
                0x080058e0      0x548 c:/program files (x86)/gnu tools arm embedded/7 2017-q4-major/bin/../lib/gcc/arm-none-eabi/7.2.1/../../../../arm-none-eabi/lib/thumb/v7e-m\libg.a(lib_a-mallocr.o)
                0x080058e0                _malloc_r
 .text.__malloc_lock
                0x08005e28        0xc c:/program files (x86)/gnu tools arm embedded/7 2017-q4-major/bin/../lib/gcc/arm-none-eabi/7.2.1/../../../../arm-none-eabi/lib/thumb/v7e-m\libg.a(lib_a-mlock.o)
                0x08005e28                __malloc_lock
 .text.__malloc_unlock
                0x08005e34        0xc c:/program files (x86)/gnu tools arm embedded/7 2017-q4-major/bin/../lib/gcc/arm-none-eabi/7.2.1/../../../../arm-none-eabi/lib/thumb/v7e-m\libg.a(lib_a-mlock.o)
                0x08005e34                __malloc_unlock
 .text._sbrk_r  0x08005e40       0x24 c:/program files (x86)/gnu tools arm embedded/7 2017-q4-major/bin/../lib/gcc/arm-none-eabi/7.2.1/../../../../arm-none-eabi/lib/thumb/v7e-m\libg.a(lib_a-sbrkr.o)
                0x08005e40                _sbrk_r
 .text._malloc_trim_r
                0x08005e64       0xa0 c:/program files (x86)/gnu tools arm embedded/7 2017-q4-major/bin/../lib/gcc/arm-none-eabi/7.2.1/../../../../arm-none-eabi/lib/thumb/v7e-m\libg.a(lib_a-freer.o)
                0x08005e64                _malloc_trim_r
 .text._free_r  0x08005f04      0x1e8 c:/program files (x86)/gnu tools arm embedded/7 2017-q4-major/bin/../lib/gcc/arm-none-eabi/7.2.1/../../../../arm-none-eabi/lib/thumb/v7e-m\libg.a(lib_a-freer.o)
                0x08005f04                _free_r
 .text.__retarget_lock_acquire_recursive
                0x080060ec        0x4 c:/program files (x86)/gnu tools arm embedded/7 2017-q4-major/bin/../lib/gcc/arm-none-eabi/7.2.1/../../../../arm-none-eabi/lib/thumb/v7e-m\libg.a(lib_a-lock.o)
                0x080060ec                __retarget_lock_acquire_recursive
 .text.__retarget_lock_release_recursive
                0x080060f0        0x4 c:/program files (x86)/gnu tools arm embedded/7 2017-q4-major/bin/../lib/gcc/arm-none-eabi/7.2.1/../../../../arm-none-eabi/lib/thumb/v7e-m\libg.a(lib_a-lock.o)
                0x080060f0                __retarget_lock_release_recursive
 *(.init)
 *(.fini)
 *crtbegin.o(.ctors)
 *crtbegin?.o(.ctors)
 *(EXCLUDE_FILE(*crtend.o *crtend?.o) .ctors)
 *(SORT_BY_NAME(.ctors.*))
 *(.ctors)
 *crtbegin.o(.dtors)
 *crtbegin?.o(.dtors)
 *(EXCLUDE_FILE(*crtend.o *crtend?.o) .dtors)
 *(SORT_BY_NAME(.dtors.*))
 *(.dtors)
 *(.rodata*)
 .rodata        0x080060f4        0x2 ..\obj\main.o
 *fill*         0x080060f6        0x2 
 .rodata        0x080060f8       0x8f ..\obj\ff.o
 *(.eh_fram e*)

.glue_7         0x08006188        0x0
 .glue_7        0x08006188        0x0 linker stubs

.glue_7t        0x08006188        0x0
 .glue_7t       0x08006188        0x0 linker stubs

.vfp11_veneer   0x08006188        0x0
 .vfp11_veneer  0x08006188        0x0 linker stubs

.v4_bx          0x08006188        0x0
 .v4_bx         0x08006188        0x0 linker stubs

.iplt           0x08006188        0x0
 .iplt          0x08006188        0x0 ..\obj\stm32f4xx_syscfg.o

.rel.dyn        0x08006188        0x0
 .rel.iplt      0x08006188        0x0 ..\obj\stm32f4xx_syscfg.o

.ARM.extab
 *(.ARM.extab* .gnu.linkonce.armextab.*)
                0x08006188                __exidx_start = .

.ARM.exidx
 *(.ARM.exidx* .gnu.linkonce.armexidx.*)
                0x08006188                __exidx_end = .
                0x08006188                __etext = .
                0x08006187                _sidata = __etext

.data           0x20000000      0x860 load address 0x08006187
                0x20000000                __data_start__ = .
                0x20000000                _sdata = __data_start__
 *(vtable)
 *(.data*)
 .data          0x20000000        0x9 ..\obj\main.o
                0x20000000                num_of_switch
                0x20000004                song_time
 *fill*         0x20000009        0x3 
 .data          0x2000000c       0x10 ..\obj\stm32f4xx_rcc.o
 .data          0x2000001c        0x4 ..\obj\codec.o
                0x2000001c                CODECTimeout
 .data          0x20000020        0x1 ..\obj\spi_sd.o
 *fill*         0x20000021        0x3 
 .data.__malloc_av_
                0x20000024      0x408 c:/program files (x86)/gnu tools arm embedded/7 2017-q4-major/bin/../lib/gcc/arm-none-eabi/7.2.1/../../../../arm-none-eabi/lib/thumb/v7e-m\libg.a(lib_a-mallocr.o)
                0x20000024                __malloc_av_
 .data.__malloc_sbrk_base
                0x2000042c        0x4 c:/program files (x86)/gnu tools arm embedded/7 2017-q4-major/bin/../lib/gcc/arm-none-eabi/7.2.1/../../../../arm-none-eabi/lib/thumb/v7e-m\libg.a(lib_a-mallocr.o)
                0x2000042c                __malloc_sbrk_base
 .data.__malloc_trim_threshold
                0x20000430        0x4 c:/program files (x86)/gnu tools arm embedded/7 2017-q4-major/bin/../lib/gcc/arm-none-eabi/7.2.1/../../../../arm-none-eabi/lib/thumb/v7e-m\libg.a(lib_a-mallocr.o)
                0x20000430                __malloc_trim_threshold
 .data._impure_ptr
                0x20000434        0x4 c:/program files (x86)/gnu tools arm embedded/7 2017-q4-major/bin/../lib/gcc/arm-none-eabi/7.2.1/../../../../arm-none-eabi/lib/thumb/v7e-m\libg.a(lib_a-impure.o)
                0x20000434                _impure_ptr
 .data.impure_data
                0x20000438      0x428 c:/program files (x86)/gnu tools arm embedded/7 2017-q4-major/bin/../lib/gcc/arm-none-eabi/7.2.1/../../../../arm-none-eabi/lib/thumb/v7e-m\libg.a(lib_a-impure.o)
                0x20000860                . = ALIGN (0x4)
                [!provide]                PROVIDE (__preinit_array_start, .)
 *(.preinit_array)
                [!provide]                PROVIDE (__preinit_array_end, .)
                0x20000860                . = ALIGN (0x4)
                [!provide]                PROVIDE (__init_array_start, .)
 *(SORT_BY_NAME(.init_array.*))
 *(.init_array)
                [!provide]                PROVIDE (__init_array_end, .)
                0x20000860                . = ALIGN (0x4)
                [!provide]                PROVIDE (__fini_array_start, .)
 *(SORT_BY_NAME(.fini_array.*))
 *(.fini_array)
                [!provide]                PROVIDE (__fini_array_end, .)
 *(.jcr*)
                0x20000860                . = ALIGN (0x4)
                0x20000860                __data_end__ = .
                0x20000860                _edata = __data_end__

.igot.plt       0x20000860        0x0 load address 0x080069e8
 .igot.plt      0x20000860        0x0 ..\obj\stm32f4xx_syscfg.o

.bss            0x20000860     0x14d0 load address 0x080069e8
                0x20000860                . = ALIGN (0x4)
                0x20000860                __bss_start__ = .
                0x20000860                _sbss = __bss_start__
 *(.bss*)
 .bss           0x20000860        0x1 ..\obj\delay.o
 *fill*         0x20000861        0x1 
 .bss           0x20000862        0x8 ..\obj\main.o
                0x20000862                result_of_conversion
                0x20000864                diode_state
                0x20000865                dioda
                0x20000866                error_state
                0x20000867                random_mode
                0x20000868                change_song
                0x20000869                half_second
 .bss           0x2000086a        0x4 ..\obj\spi_sd.o
 *fill*         0x2000086e        0x2 
 .bss           0x20000870        0x4 ..\obj\syscalls.o
 .bss           0x20000874        0x6 ..\obj\ff.o
 *fill*         0x2000087a        0x2 
 .bss.__malloc_current_mallinfo
                0x2000087c       0x28 c:/program files (x86)/gnu tools arm embedded/7 2017-q4-major/bin/../lib/gcc/arm-none-eabi/7.2.1/../../../../arm-none-eabi/lib/thumb/v7e-m\libg.a(lib_a-mallocr.o)
                0x2000087c                __malloc_current_mallinfo
 .bss.__malloc_max_sbrked_mem
                0x200008a4        0x4 c:/program files (x86)/gnu tools arm embedded/7 2017-q4-major/bin/../lib/gcc/arm-none-eabi/7.2.1/../../../../arm-none-eabi/lib/thumb/v7e-m\libg.a(lib_a-mallocr.o)
                0x200008a4                __malloc_max_sbrked_mem
 .bss.__malloc_max_total_mem
                0x200008a8        0x4 c:/program files (x86)/gnu tools arm embedded/7 2017-q4-major/bin/../lib/gcc/arm-none-eabi/7.2.1/../../../../arm-none-eabi/lib/thumb/v7e-m\libg.a(lib_a-mallocr.o)
                0x200008a8                __malloc_max_total_mem
 .bss.__malloc_top_pad
                0x200008ac        0x4 c:/program files (x86)/gnu tools arm embedded/7 2017-q4-major/bin/../lib/gcc/arm-none-eabi/7.2.1/../../../../arm-none-eabi/lib/thumb/v7e-m\libg.a(lib_a-mallocr.o)
                0x200008ac                __malloc_top_pad
 *(COMMON)
 COMMON         0x200008b0     0x1458 ..\obj\main.o
                0x200008b0                file
                0x20000ad8                sample_buffer
                0x20001ad8                fatfs
 COMMON         0x20001d08       0x21 c:/program files (x86)/gnu tools arm embedded/7 2017-q4-major/bin/../lib/gcc/arm-none-eabi/7.2.1/../../../../arm-none-eabi/lib/thumb/v7e-m\libg.a(lib_a-lock.o)
                0x20001d08                __lock___atexit_recursive_mutex
                0x20001d0c                __lock___arc4random_mutex
                0x20001d10                __lock___env_recursive_mutex
                0x20001d14                __lock___sinit_recursive_mutex
                0x20001d18                __lock___malloc_recursive_mutex
                0x20001d1c                __lock___at_quick_exit_mutex
                0x20001d20                __lock___dd_hash_mutex
                0x20001d24                __lock___tz_mutex
                0x20001d28                __lock___sfp_recursive_mutex
 *fill*         0x20001d29        0x3 
 COMMON         0x20001d2c        0x4 c:/program files (x86)/gnu tools arm embedded/7 2017-q4-major/bin/../lib/gcc/arm-none-eabi/7.2.1/../../../../arm-none-eabi/lib/thumb/v7e-m\libg.a(lib_a-reent.o)
                0x20001d2c                errno
                0x20001d30                . = ALIGN (0x4)
                0x20001d30                __bss_end__ = .
                0x20001d30                _ebss = __bss_end__

.heap           0x20001d30        0x0
                0x20001d30                __end__ = .
                0x20001d30                _end = __end__
                0x20001d30                end = __end__
 *(.heap*)
                0x20001d30                __HeapLimit = .

.co_stack       0x20001d30      0x800 load address 0x08007eb8
                0x20001d30                . = ALIGN (0x8)
 *(.co_stack .co_stack.*)
 .co_stack      0x20001d30      0x800 ..\obj\startup_stm32f4xx.o
                0x20001d30                pulStack
                0x20020000                __StackTop = (ORIGIN (ram) + LENGTH (ram))
                0x2001f800                __StackLimit = (__StackTop - SIZEOF (.co_stack))
                [!provide]                PROVIDE (__stack, __StackTop)
                0x00000001                ASSERT ((__StackLimit >= __HeapLimit), region ram  overflowed with stack)
LOAD ..\obj\stm32f4xx_syscfg.o
LOAD ..\obj\delay.o
LOAD ..\obj\startup_stm32f4xx.o
LOAD ..\obj\main.o
LOAD ..\obj\stm32f4xx_rcc.o
LOAD ..\obj\codec.o
LOAD ..\obj\stm32f4xx_adc.o
LOAD ..\obj\List.o
LOAD ..\obj\spi_sd.o
LOAD ..\obj\stm32f4xx_gpio.o
LOAD ..\obj\system_stm32f4xx.o
LOAD ..\obj\syscalls.o
LOAD ..\obj\stm32f4xx_dma.o
LOAD ..\obj\ff.o
LOAD ..\obj\stm32f4xx_spi.o
LOAD ..\obj\stm32f4xx_i2c.o
LOAD ..\obj\stm32f4xx_rng.o
LOAD ..\obj\stm32f4xx_exti.o
LOAD ..\obj\misc.o
LOAD ..\obj\stm32f4xx_rtc.o
LOAD ..\obj\stm32f4xx_tim.o
START GROUP
LOAD c:/program files (x86)/gnu tools arm embedded/7 2017-q4-major/bin/../lib/gcc/arm-none-eabi/7.2.1/thumb/v7e-m\libgcc.a
LOAD c:/program files (x86)/gnu tools arm embedded/7 2017-q4-major/bin/../lib/gcc/arm-none-eabi/7.2.1/../../../../arm-none-eabi/lib/thumb/v7e-m\libg.a
LOAD c:/program files (x86)/gnu tools arm embedded/7 2017-q4-major/bin/../lib/gcc/arm-none-eabi/7.2.1/../../../../arm-none-eabi/lib/thumb/v7e-m\libc.a
END GROUP
OUTPUT(STPlayer.elf elf32-littlearm)

.debug_info     0x00000000     0xc296
 .debug_info    0x00000000      0x27e ..\obj\stm32f4xx_syscfg.o
 .debug_info    0x0000027e      0x1b9 ..\obj\delay.o
 .debug_info    0x00000437      0x113 ..\obj\startup_stm32f4xx.o
 .debug_info    0x0000054a     0x1888 ..\obj\main.o
 .debug_info    0x00001dd2      0xc6e ..\obj\stm32f4xx_rcc.o
 .debug_info    0x00002a40      0x874 ..\obj\codec.o
 .debug_info    0x000032b4      0xc4a ..\obj\stm32f4xx_adc.o
 .debug_info    0x00003efe      0x18a ..\obj\List.o
 .debug_info    0x00004088      0xb52 ..\obj\spi_sd.o
 .debug_info    0x00004bda      0x624 ..\obj\stm32f4xx_gpio.o
 .debug_info    0x000051fe      0x5ca ..\obj\system_stm32f4xx.o
 .debug_info    0x000057c8      0xc98 ..\obj\syscalls.o
 .debug_info    0x00006460      0x747 ..\obj\stm32f4xx_dma.o
 .debug_info    0x00006ba7     0x1929 ..\obj\ff.o
 .debug_info    0x000084d0      0xb15 ..\obj\stm32f4xx_spi.o
 .debug_info    0x00008fe5      0xb07 ..\obj\stm32f4xx_i2c.o
 .debug_info    0x00009aec      0x291 ..\obj\stm32f4xx_rng.o
 .debug_info    0x00009d7d      0x363 ..\obj\stm32f4xx_exti.o
 .debug_info    0x0000a0e0      0x547 ..\obj\misc.o
 .debug_info    0x0000a627     0x1c6f ..\obj\stm32f4xx_tim.o

.debug_abbrev   0x00000000     0x212e
 .debug_abbrev  0x00000000      0x148 ..\obj\stm32f4xx_syscfg.o
 .debug_abbrev  0x00000148      0x118 ..\obj\delay.o
 .debug_abbrev  0x00000260       0xc1 ..\obj\startup_stm32f4xx.o
 .debug_abbrev  0x00000321      0x33c ..\obj\main.o
 .debug_abbrev  0x0000065d      0x1fa ..\obj\stm32f4xx_rcc.o
 .debug_abbrev  0x00000857      0x21e ..\obj\codec.o
 .debug_abbrev  0x00000a75      0x1ad ..\obj\stm32f4xx_adc.o
 .debug_abbrev  0x00000c22       0xd8 ..\obj\List.o
 .debug_abbrev  0x00000cfa      0x2bf ..\obj\spi_sd.o
 .debug_abbrev  0x00000fb9      0x1bc ..\obj\stm32f4xx_gpio.o
 .debug_abbrev  0x00001175      0x15a ..\obj\system_stm32f4xx.o
 .debug_abbrev  0x000012cf      0x20d ..\obj\syscalls.o
 .debug_abbrev  0x000014dc      0x16a ..\obj\stm32f4xx_dma.o
 .debug_abbrev  0x00001646      0x1ae ..\obj\ff.o
 .debug_abbrev  0x000017f4      0x17c ..\obj\stm32f4xx_spi.o
 .debug_abbrev  0x00001970      0x193 ..\obj\stm32f4xx_i2c.o
 .debug_abbrev  0x00001b03      0x15b ..\obj\stm32f4xx_rng.o
 .debug_abbrev  0x00001c5e      0x1c0 ..\obj\stm32f4xx_exti.o
 .debug_abbrev  0x00001e1e      0x174 ..\obj\misc.o
 .debug_abbrev  0x00001f92      0x19c ..\obj\stm32f4xx_tim.o

.debug_aranges  0x00000000      0xea0
 .debug_aranges
                0x00000000       0x48 ..\obj\stm32f4xx_syscfg.o
 .debug_aranges
                0x00000048       0x30 ..\obj\delay.o
 .debug_aranges
                0x00000078       0x28 ..\obj\startup_stm32f4xx.o
 .debug_aranges
                0x000000a0       0xc0 ..\obj\main.o
 .debug_aranges
                0x00000160      0x178 ..\obj\stm32f4xx_rcc.o
 .debug_aranges
                0x000002d8       0x60 ..\obj\codec.o
 .debug_aranges
                0x00000338      0x148 ..\obj\stm32f4xx_adc.o
 .debug_aranges
                0x00000480       0x20 ..\obj\List.o
 .debug_aranges
                0x000004a0       0xb8 ..\obj\spi_sd.o
 .debug_aranges
                0x00000558       0x88 ..\obj\stm32f4xx_gpio.o
 .debug_aranges
                0x000005e0       0x30 ..\obj\system_stm32f4xx.o
 .debug_aranges
                0x00000610       0x60 ..\obj\syscalls.o
 .debug_aranges
                0x00000670       0xb0 ..\obj\stm32f4xx_dma.o
 .debug_aranges
                0x00000720      0x198 ..\obj\ff.o
 .debug_aranges
                0x000008b8       0xe0 ..\obj\stm32f4xx_spi.o
 .debug_aranges
                0x00000998      0x120 ..\obj\stm32f4xx_i2c.o
 .debug_aranges
                0x00000ab8       0x58 ..\obj\stm32f4xx_rng.o
 .debug_aranges
                0x00000b10       0x58 ..\obj\stm32f4xx_exti.o
 .debug_aranges
                0x00000b68       0x40 ..\obj\misc.o
 .debug_aranges
                0x00000ba8      0x2f8 ..\obj\stm32f4xx_tim.o

.debug_ranges   0x00000000      0xd60
 .debug_ranges  0x00000000       0x38 ..\obj\stm32f4xx_syscfg.o
 .debug_ranges  0x00000038       0x20 ..\obj\delay.o
 .debug_ranges  0x00000058       0x18 ..\obj\startup_stm32f4xx.o
 .debug_ranges  0x00000070       0xb0 ..\obj\main.o
 .debug_ranges  0x00000120      0x168 ..\obj\stm32f4xx_rcc.o
 .debug_ranges  0x00000288       0x50 ..\obj\codec.o
 .debug_ranges  0x000002d8      0x138 ..\obj\stm32f4xx_adc.o
 .debug_ranges  0x00000410       0x10 ..\obj\List.o
 .debug_ranges  0x00000420       0xa8 ..\obj\spi_sd.o
 .debug_ranges  0x000004c8       0x78 ..\obj\stm32f4xx_gpio.o
 .debug_ranges  0x00000540       0x20 ..\obj\system_stm32f4xx.o
 .debug_ranges  0x00000560       0x50 ..\obj\syscalls.o
 .debug_ranges  0x000005b0       0xa0 ..\obj\stm32f4xx_dma.o
 .debug_ranges  0x00000650      0x188 ..\obj\ff.o
 .debug_ranges  0x000007d8       0xd0 ..\obj\stm32f4xx_spi.o
 .debug_ranges  0x000008a8      0x110 ..\obj\stm32f4xx_i2c.o
 .debug_ranges  0x000009b8       0x48 ..\obj\stm32f4xx_rng.o
 .debug_ranges  0x00000a00       0x48 ..\obj\stm32f4xx_exti.o
 .debug_ranges  0x00000a48       0x30 ..\obj\misc.o
 .debug_ranges  0x00000a78      0x2e8 ..\obj\stm32f4xx_tim.o

.debug_line     0x00000000     0x561d
 .debug_line    0x00000000      0x233 ..\obj\stm32f4xx_syscfg.o
 .debug_line    0x00000233      0x1db ..\obj\delay.o
 .debug_line    0x0000040e       0x99 ..\obj\startup_stm32f4xx.o
 .debug_line    0x000004a7      0x546 ..\obj\main.o
 .debug_line    0x000009ed      0x5c5 ..\obj\stm32f4xx_rcc.o
 .debug_line    0x00000fb2      0x3f6 ..\obj\codec.o
 .debug_line    0x000013a8      0x57d ..\obj\stm32f4xx_adc.o
 .debug_line    0x00001925       0xaf ..\obj\List.o
 .debug_line    0x000019d4      0x61b ..\obj\spi_sd.o
 .debug_line    0x00001fef      0x380 ..\obj\stm32f4xx_gpio.o
 .debug_line    0x0000236f      0x212 ..\obj\system_stm32f4xx.o
 .debug_line    0x00002581      0x2d4 ..\obj\syscalls.o
 .debug_line    0x00002855      0x44a ..\obj\stm32f4xx_dma.o
 .debug_line    0x00002c9f      0xd9f ..\obj\ff.o
 .debug_line    0x00003a3e      0x479 ..\obj\stm32f4xx_spi.o
 .debug_line    0x00003eb7      0x50b ..\obj\stm32f4xx_i2c.o
 .debug_line    0x000043c2      0x259 ..\obj\stm32f4xx_rng.o
 .debug_line    0x0000461b      0x2c1 ..\obj\stm32f4xx_exti.o
 .debug_line    0x000048dc      0x260 ..\obj\misc.o
 .debug_line    0x00004b3c      0xae1 ..\obj\stm32f4xx_tim.o

.debug_str      0x00000000     0x4481
 .debug_str     0x00000000      0x2c8 ..\obj\stm32f4xx_syscfg.o
                                0x326 (size before relaxing)
 .debug_str     0x000002c8       0x79 ..\obj\delay.o
                                0x211 (size before relaxing)
 .debug_str     0x00000341       0xba ..\obj\startup_stm32f4xx.o
                                0x188 (size before relaxing)
 .debug_str     0x000003fb     0x117d ..\obj\main.o
                               0x13d7 (size before relaxing)
 .debug_str     0x00001578      0x62e ..\obj\stm32f4xx_rcc.o
                                0x882 (size before relaxing)
 .debug_str     0x00001ba6      0x25e ..\obj\codec.o
                                0x62e (size before relaxing)
 .debug_str     0x00001e04      0x4ef ..\obj\stm32f4xx_adc.o
                                0x836 (size before relaxing)
 .debug_str     0x000022f3       0x30 ..\obj\List.o
                                0x1c5 (size before relaxing)
 .debug_str     0x00002323      0x207 ..\obj\spi_sd.o
                                0x6d7 (size before relaxing)
 .debug_str     0x0000252a      0x190 ..\obj\stm32f4xx_gpio.o
                                0x4d5 (size before relaxing)
 .debug_str     0x000026ba       0xac ..\obj\system_stm32f4xx.o
                                0x3cc (size before relaxing)
 .debug_str     0x00002766      0x51f ..\obj\syscalls.o
                                0x711 (size before relaxing)
 .debug_str     0x00002c85      0x250 ..\obj\stm32f4xx_dma.o
                                0x574 (size before relaxing)
 .debug_str     0x00002ed5      0x290 ..\obj\ff.o
                                0x642 (size before relaxing)
 .debug_str     0x00003165      0x293 ..\obj\stm32f4xx_spi.o
                                0x6bc (size before relaxing)
 .debug_str     0x000033f8      0x338 ..\obj\stm32f4xx_i2c.o
                                0x697 (size before relaxing)
 .debug_str     0x00003730       0xd7 ..\obj\stm32f4xx_rng.o
                                0x2ab (size before relaxing)
 .debug_str     0x00003807       0xf8 ..\obj\stm32f4xx_exti.o
                                0x38b (size before relaxing)
 .debug_str     0x000038ff      0x104 ..\obj\misc.o
                                0x400 (size before relaxing)
 .debug_str     0x00003a03      0xa7e ..\obj\stm32f4xx_tim.o
                                0xe02 (size before relaxing)

.comment        0x00000000       0x7e
 .comment       0x00000000       0x7e ..\obj\stm32f4xx_syscfg.o
                                 0x7f (size before relaxing)
 .comment       0x0000007e       0x7f ..\obj\delay.o
 .comment       0x0000007e       0x7f ..\obj\startup_stm32f4xx.o
 .comment       0x0000007e       0x7f ..\obj\main.o
 .comment       0x0000007e       0x7f ..\obj\stm32f4xx_rcc.o
 .comment       0x0000007e       0x7f ..\obj\codec.o
 .comment       0x0000007e       0x7f ..\obj\stm32f4xx_adc.o
 .comment       0x0000007e       0x7f ..\obj\List.o
 .comment       0x0000007e       0x7f ..\obj\spi_sd.o
 .comment       0x0000007e       0x7f ..\obj\stm32f4xx_gpio.o
 .comment       0x0000007e       0x7f ..\obj\system_stm32f4xx.o
 .comment       0x0000007e       0x7f ..\obj\syscalls.o
 .comment       0x0000007e       0x7f ..\obj\stm32f4xx_dma.o
 .comment       0x0000007e       0x7f ..\obj\ff.o
 .comment       0x0000007e       0x7f ..\obj\stm32f4xx_spi.o
 .comment       0x0000007e       0x7f ..\obj\stm32f4xx_i2c.o
 .comment       0x0000007e       0x7f ..\obj\stm32f4xx_rng.o
 .comment       0x0000007e       0x7f ..\obj\stm32f4xx_exti.o
 .comment       0x0000007e       0x7f ..\obj\misc.o
 .comment       0x0000007e       0x7f ..\obj\stm32f4xx_tim.o

.ARM.attributes
                0x00000000       0x33
 .ARM.attributes
                0x00000000       0x33 ..\obj\stm32f4xx_syscfg.o
 .ARM.attributes
                0x00000033       0x33 ..\obj\delay.o
 .ARM.attributes
                0x00000066       0x33 ..\obj\startup_stm32f4xx.o
 .ARM.attributes
                0x00000099       0x33 ..\obj\main.o
 .ARM.attributes
                0x000000cc       0x33 ..\obj\stm32f4xx_rcc.o
 .ARM.attributes
                0x000000ff       0x33 ..\obj\codec.o
 .ARM.attributes
                0x00000132       0x33 ..\obj\stm32f4xx_adc.o
 .ARM.attributes
                0x00000165       0x33 ..\obj\List.o
 .ARM.attributes
                0x00000198       0x33 ..\obj\spi_sd.o
 .ARM.attributes
                0x000001cb       0x33 ..\obj\stm32f4xx_gpio.o
 .ARM.attributes
                0x000001fe       0x33 ..\obj\system_stm32f4xx.o
 .ARM.attributes
                0x00000231       0x33 ..\obj\syscalls.o
 .ARM.attributes
                0x00000264       0x33 ..\obj\stm32f4xx_dma.o
 .ARM.attributes
                0x00000297       0x33 ..\obj\ff.o
 .ARM.attributes
                0x000002ca       0x33 ..\obj\stm32f4xx_spi.o
 .ARM.attributes
                0x000002fd       0x33 ..\obj\stm32f4xx_i2c.o
 .ARM.attributes
                0x00000330       0x33 ..\obj\stm32f4xx_rng.o
 .ARM.attributes
                0x00000363       0x33 ..\obj\stm32f4xx_exti.o
 .ARM.attributes
                0x00000396       0x33 ..\obj\misc.o
 .ARM.attributes
                0x000003c9       0x33 ..\obj\stm32f4xx_tim.o
 .ARM.attributes
                0x000003fc       0x2e c:/program files (x86)/gnu tools arm embedded/7 2017-q4-major/bin/../lib/gcc/arm-none-eabi/7.2.1/../../../../arm-none-eabi/lib/thumb/v7e-m\libg.a(lib_a-malloc.o)
 .ARM.attributes
                0x0000042a       0x2e c:/program files (x86)/gnu tools arm embedded/7 2017-q4-major/bin/../lib/gcc/arm-none-eabi/7.2.1/../../../../arm-none-eabi/lib/thumb/v7e-m\libg.a(lib_a-mallocr.o)
 .ARM.attributes
                0x00000458       0x2e c:/program files (x86)/gnu tools arm embedded/7 2017-q4-major/bin/../lib/gcc/arm-none-eabi/7.2.1/../../../../arm-none-eabi/lib/thumb/v7e-m\libg.a(lib_a-mlock.o)
 .ARM.attributes
                0x00000486       0x2e c:/program files (x86)/gnu tools arm embedded/7 2017-q4-major/bin/../lib/gcc/arm-none-eabi/7.2.1/../../../../arm-none-eabi/lib/thumb/v7e-m\libg.a(lib_a-sbrkr.o)
 .ARM.attributes
                0x000004b4       0x2e c:/program files (x86)/gnu tools arm embedded/7 2017-q4-major/bin/../lib/gcc/arm-none-eabi/7.2.1/../../../../arm-none-eabi/lib/thumb/v7e-m\libg.a(lib_a-freer.o)
 .ARM.attributes
                0x000004e2       0x2e c:/program files (x86)/gnu tools arm embedded/7 2017-q4-major/bin/../lib/gcc/arm-none-eabi/7.2.1/../../../../arm-none-eabi/lib/thumb/v7e-m\libg.a(lib_a-impure.o)
 .ARM.attributes
                0x00000510       0x2e c:/program files (x86)/gnu tools arm embedded/7 2017-q4-major/bin/../lib/gcc/arm-none-eabi/7.2.1/../../../../arm-none-eabi/lib/thumb/v7e-m\libg.a(lib_a-lock.o)
 .ARM.attributes
                0x0000053e       0x2e c:/program files (x86)/gnu tools arm embedded/7 2017-q4-major/bin/../lib/gcc/arm-none-eabi/7.2.1/../../../../arm-none-eabi/lib/thumb/v7e-m\libg.a(lib_a-reent.o)

.debug_frame    0x00000000     0x4160
 .debug_frame   0x00000000       0xf4 ..\obj\stm32f4xx_syscfg.o
 .debug_frame   0x000000f4       0x84 ..\obj\delay.o
 .debug_frame   0x00000178       0x4c ..\obj\startup_stm32f4xx.o
 .debug_frame   0x000001c4      0x2e0 ..\obj\main.o
 .debug_frame   0x000004a4      0x6d4 ..\obj\stm32f4xx_rcc.o
 .debug_frame   0x00000b78      0x148 ..\obj\codec.o
 .debug_frame   0x00000cc0      0x5ec ..\obj\stm32f4xx_adc.o
 .debug_frame   0x000012ac       0x44 ..\obj\List.o
 .debug_frame   0x000012f0      0x2e4 ..\obj\spi_sd.o
 .debug_frame   0x000015d4      0x23c ..\obj\stm32f4xx_gpio.o
 .debug_frame   0x00001810       0x7c ..\obj\system_stm32f4xx.o
 .debug_frame   0x0000188c      0x168 ..\obj\syscalls.o
 .debug_frame   0x000019f4      0x308 ..\obj\stm32f4xx_dma.o
 .debug_frame   0x00001cfc      0x718 ..\obj\ff.o
 .debug_frame   0x00002414      0x3f4 ..\obj\stm32f4xx_spi.o
 .debug_frame   0x00002808      0x530 ..\obj\stm32f4xx_i2c.o
 .debug_frame   0x00002d38      0x13c ..\obj\stm32f4xx_rng.o
 .debug_frame   0x00002e74      0x148 ..\obj\stm32f4xx_exti.o
 .debug_frame   0x00002fbc       0xd8 ..\obj\misc.o
 .debug_frame   0x00003094      0xe54 ..\obj\stm32f4xx_tim.o
 .debug_frame   0x00003ee8       0x30 c:/program files (x86)/gnu tools arm embedded/7 2017-q4-major/bin/../lib/gcc/arm-none-eabi/7.2.1/../../../../arm-none-eabi/lib/thumb/v7e-m\libg.a(lib_a-malloc.o)
 .debug_frame   0x00003f18       0x54 c:/program files (x86)/gnu tools arm embedded/7 2017-q4-major/bin/../lib/gcc/arm-none-eabi/7.2.1/../../../../arm-none-eabi/lib/thumb/v7e-m\libg.a(lib_a-mallocr.o)
 .debug_frame   0x00003f6c       0x30 c:/program files (x86)/gnu tools arm embedded/7 2017-q4-major/bin/../lib/gcc/arm-none-eabi/7.2.1/../../../../arm-none-eabi/lib/thumb/v7e-m\libg.a(lib_a-mlock.o)
 .debug_frame   0x00003f9c       0x2c c:/program files (x86)/gnu tools arm embedded/7 2017-q4-major/bin/../lib/gcc/arm-none-eabi/7.2.1/../../../../arm-none-eabi/lib/thumb/v7e-m\libg.a(lib_a-sbrkr.o)
 .debug_frame   0x00003fc8       0x80 c:/program files (x86)/gnu tools arm embedded/7 2017-q4-major/bin/../lib/gcc/arm-none-eabi/7.2.1/../../../../arm-none-eabi/lib/thumb/v7e-m\libg.a(lib_a-freer.o)
 .debug_frame   0x00004048       0xb0 c:/program files (x86)/gnu tools arm embedded/7 2017-q4-major/bin/../lib/gcc/arm-none-eabi/7.2.1/../../../../arm-none-eabi/lib/thumb/v7e-m\libg.a(lib_a-lock.o)
 .debug_frame   0x000040f8       0x68 c:/program files (x86)/gnu tools arm embedded/7 2017-q4-major/bin/../lib/gcc/arm-none-eabi/7.2.1/../../../../arm-none-eabi/lib/thumb/v7e-m\libg.a(lib_a-reent.o)
